/zhaokunxiang/miniconda3/lib/python3.13/site-packages/torch/cuda/__init__.py:63: FutureWarning: The pynvml package is deprecated. Please install nvidia-ml-py instead. If you did not install pynvml directly, please report this to the maintainers of the package that installed pynvml for you.
  import pynvml  # type: ignore[import]
/zhaokunxiang/miniconda3/lib/python3.13/site-packages/torch/cuda/__init__.py:63: FutureWarning: The pynvml package is deprecated. Please install nvidia-ml-py instead. If you did not install pynvml directly, please report this to the maintainers of the package that installed pynvml for you.
  import pynvml  # type: ignore[import]
logs/stage1_exp_152351.txt
val_bpb:enabled tokenizer_kind=sentencepiece tokenizer_path=./data/tokenizers/fineweb_1024_bpe.model
train_loader:dataset:fineweb10B_sp1024 train_shards:80
val_loader:shards pattern=./data/datasets/fineweb10B_sp1024/fineweb_val_*.bin tokens:62021632
model_params:25517137
world_size:1 grad_accum_steps:8
attention_mode:gqa num_heads:8 num_kv_heads:4
tie_embeddings:True embed_lr:0.03 matrix_lr:0.02 scalar_lr:0.02
train_batch_tokens:196608 train_seq_len:2048 iterations:20000 warmup_steps:30 max_wallclock_seconds:600.000
seed:42
warmup_step:10/30
warmup_step:20/30
warmup_step:30/30
step:0/20000 val_loss:6.9323 val_bpb:4.1057 train_time:0ms step_avg:0.03ms
step:1/20000 train_loss:6.9344 train_time:806ms step_avg:806.06ms
step:2/20000 train_loss:8.3143 train_time:1212ms step_avg:605.90ms
step:3/20000 train_loss:7.8336 train_time:1624ms step_avg:541.47ms
step:4/20000 train_loss:7.0976 train_time:2035ms step_avg:508.79ms
step:5/20000 train_loss:6.8082 train_time:2445ms step_avg:488.90ms
step:6/20000 train_loss:6.5722 train_time:2853ms step_avg:475.56ms
step:7/20000 train_loss:6.5488 train_time:3261ms step_avg:465.87ms
step:8/20000 train_loss:6.5316 train_time:3666ms step_avg:458.22ms
step:9/20000 train_loss:6.5023 train_time:4070ms step_avg:452.27ms
step:10/20000 train_loss:6.2864 train_time:4477ms step_avg:447.72ms
step:100/20000 train_loss:3.2852 train_time:40996ms step_avg:409.96ms
step:200/20000 train_loss:2.9468 train_time:81419ms step_avg:407.10ms
step:300/20000 train_loss:2.6119 train_time:121962ms step_avg:406.54ms
step:400/20000 train_loss:2.5932 train_time:162495ms step_avg:406.24ms
step:500/20000 train_loss:2.5291 train_time:203063ms step_avg:406.13ms
step:500/20000 val_loss:2.5178 val_bpb:1.4912 train_time:203065ms step_avg:406.13ms
step:600/20000 train_loss:2.4513 train_time:243830ms step_avg:406.38ms
step:700/20000 train_loss:2.4601 train_time:284283ms step_avg:406.12ms
step:800/20000 train_loss:2.3928 train_time:324754ms step_avg:405.94ms
step:900/20000 train_loss:2.4264 train_time:365230ms step_avg:405.81ms
step:1000/20000 train_loss:2.4832 train_time:405666ms step_avg:405.67ms
step:1000/20000 val_loss:2.3770 val_bpb:1.4078 train_time:405667ms step_avg:405.67ms
step:1100/20000 train_loss:2.3891 train_time:446355ms step_avg:405.78ms
step:1200/20000 train_loss:2.3011 train_time:486787ms step_avg:405.66ms
step:1300/20000 train_loss:2.2760 train_time:527223ms step_avg:405.56ms
swa:start step:1350
step:1400/20000 train_loss:2.3659 train_time:573722ms step_avg:409.80ms
step:1451/20000 val_loss:2.2201 val_bpb:1.3148 train_time:604320ms step_avg:416.48ms
stopping_early: wallclock_cap train_time:604320ms step:1451/20000
peak memory allocated: 5114 MiB reserved: 5332 MiB
swa:applying averaged 3 checkpoints
Serialized model: 98437419 bytes
Code size: 52927 bytes
Total submission size: 98490346 bytes
Serialized model int6+zstd: 15835374 bytes
Total submission size int8+zlib: 15888301 bytes
final_eval_mode:standard
final_int8_zlib_roundtrip val_loss:2.2276 val_bpb:1.3193 eval_time:32092ms
final_int8_zlib_roundtrip_exact val_loss:2.22757838 val_bpb:1.31929739
