/zhaokunxiang/miniconda3/lib/python3.13/site-packages/torch/cuda/__init__.py:63: FutureWarning: The pynvml package is deprecated. Please install nvidia-ml-py instead. If you did not install pynvml directly, please report this to the maintainers of the package that installed pynvml for you.
  import pynvml  # type: ignore[import]
/zhaokunxiang/miniconda3/lib/python3.13/site-packages/torch/cuda/__init__.py:63: FutureWarning: The pynvml package is deprecated. Please install nvidia-ml-py instead. If you did not install pynvml directly, please report this to the maintainers of the package that installed pynvml for you.
  import pynvml  # type: ignore[import]
logs/stage1_exp_195225.txt
val_bpb:enabled tokenizer_kind=sentencepiece tokenizer_path=./data/tokenizers/fineweb_1024_bpe.model
train_loader:dataset:fineweb10B_sp1024 train_shards:80
val_loader:shards pattern=./data/datasets/fineweb10B_sp1024/fineweb_val_*.bin tokens:62021632
model_params:25517137
world_size:1 grad_accum_steps:8
attention_mode:gqa num_heads:8 num_kv_heads:4
tie_embeddings:True embed_lr:0.03 matrix_lr:0.02 scalar_lr:0.02
train_batch_tokens:196608 train_seq_len:2048 iterations:20000 warmup_steps:40 max_wallclock_seconds:600.000
seed:42
warmup_step:10/40
warmup_step:20/40
warmup_step:30/40
warmup_step:40/40
step:0/20000 val_loss:6.9323 val_bpb:4.1057 train_time:0ms step_avg:0.02ms
step:1/20000 train_loss:6.9344 train_time:485ms step_avg:484.72ms
step:2/20000 train_loss:8.3143 train_time:889ms step_avg:444.46ms
step:3/20000 train_loss:7.8337 train_time:1293ms step_avg:431.01ms
step:4/20000 train_loss:7.0977 train_time:1697ms step_avg:424.25ms
step:5/20000 train_loss:6.8084 train_time:2101ms step_avg:420.27ms
step:6/20000 train_loss:6.5726 train_time:2508ms step_avg:418.00ms
step:7/20000 train_loss:6.5488 train_time:2913ms step_avg:416.15ms
step:8/20000 train_loss:6.5326 train_time:3318ms step_avg:414.71ms
step:9/20000 train_loss:6.5026 train_time:3722ms step_avg:413.53ms
step:10/20000 train_loss:6.2854 train_time:4129ms step_avg:412.89ms
step:100/20000 train_loss:3.2960 train_time:40529ms step_avg:405.29ms
step:200/20000 train_loss:2.9425 train_time:80986ms step_avg:404.93ms
step:300/20000 train_loss:2.6116 train_time:121425ms step_avg:404.75ms
step:400/20000 train_loss:2.5949 train_time:161861ms step_avg:404.65ms
step:500/20000 train_loss:2.5293 train_time:202324ms step_avg:404.65ms
step:500/20000 val_loss:2.5172 val_bpb:1.4908 train_time:202325ms step_avg:404.65ms
step:600/20000 train_loss:2.4518 train_time:243010ms step_avg:405.02ms
step:700/20000 train_loss:2.4643 train_time:283464ms step_avg:404.95ms
step:800/20000 train_loss:2.3906 train_time:323924ms step_avg:404.90ms
step:900/20000 train_loss:2.4277 train_time:364415ms step_avg:404.91ms
step:1000/20000 train_loss:2.4847 train_time:404850ms step_avg:404.85ms
step:1000/20000 val_loss:2.3769 val_bpb:1.4077 train_time:404851ms step_avg:404.85ms
step:1100/20000 train_loss:2.3900 train_time:445577ms step_avg:405.07ms
step:1200/20000 train_loss:2.2994 train_time:486074ms step_avg:405.06ms
step:1300/20000 train_loss:2.2765 train_time:526492ms step_avg:404.99ms
swa:start step:1350
step:1400/20000 train_loss:2.3632 train_time:572901ms step_avg:409.22ms
step:1451/20000 val_loss:2.2189 val_bpb:1.3141 train_time:604911ms step_avg:416.89ms
stopping_early: wallclock_cap train_time:604911ms step:1451/20000
peak memory allocated: 5114 MiB reserved: 5330 MiB
swa:applying averaged 3 checkpoints
Serialized model: 98437419 bytes
Code size: 52927 bytes
Total submission size: 98490346 bytes
Serialized model int6+zstd: 15732774 bytes
Total submission size int8+zlib: 15785701 bytes
final_eval_mode:standard
final_int8_zlib_roundtrip val_loss:2.2263 val_bpb:1.3185 eval_time:32075ms
final_int8_zlib_roundtrip_exact val_loss:2.22628082 val_bpb:1.31852890
