/zhaokunxiang/miniconda3/lib/python3.13/site-packages/torch/cuda/__init__.py:63: FutureWarning: The pynvml package is deprecated. Please install nvidia-ml-py instead. If you did not install pynvml directly, please report this to the maintainers of the package that installed pynvml for you.
  import pynvml  # type: ignore[import]
/zhaokunxiang/miniconda3/lib/python3.13/site-packages/torch/cuda/__init__.py:63: FutureWarning: The pynvml package is deprecated. Please install nvidia-ml-py instead. If you did not install pynvml directly, please report this to the maintainers of the package that installed pynvml for you.
  import pynvml  # type: ignore[import]
logs/stage1_exp_172151.txt
val_bpb:enabled tokenizer_kind=sentencepiece tokenizer_path=./data/tokenizers/fineweb_1024_bpe.model
train_loader:dataset:fineweb10B_sp1024 train_shards:80
val_loader:shards pattern=./data/datasets/fineweb10B_sp1024/fineweb_val_*.bin tokens:62021632
model_params:25517137
world_size:1 grad_accum_steps:8
attention_mode:gqa num_heads:8 num_kv_heads:4
tie_embeddings:True embed_lr:0.03 matrix_lr:0.02 scalar_lr:0.02
train_batch_tokens:196608 train_seq_len:2048 iterations:20000 warmup_steps:30 max_wallclock_seconds:600.000
seed:42
warmup_step:10/30
warmup_step:20/30
warmup_step:30/30
step:0/20000 val_loss:6.9323 val_bpb:4.1057 train_time:0ms step_avg:0.02ms
step:1/20000 train_loss:6.9344 train_time:477ms step_avg:476.93ms
step:2/20000 train_loss:8.3143 train_time:883ms step_avg:441.41ms
step:3/20000 train_loss:7.8337 train_time:1287ms step_avg:429.12ms
step:4/20000 train_loss:7.0976 train_time:1692ms step_avg:423.00ms
step:5/20000 train_loss:6.8083 train_time:2097ms step_avg:419.31ms
step:6/20000 train_loss:6.5724 train_time:2501ms step_avg:416.80ms
step:7/20000 train_loss:6.5488 train_time:2907ms step_avg:415.25ms
step:8/20000 train_loss:6.5315 train_time:3312ms step_avg:413.97ms
step:9/20000 train_loss:6.5021 train_time:3718ms step_avg:413.12ms
step:10/20000 train_loss:6.2863 train_time:4124ms step_avg:412.36ms
step:100/20000 train_loss:3.2879 train_time:40755ms step_avg:407.55ms
step:200/20000 train_loss:2.9452 train_time:81244ms step_avg:406.22ms
step:300/20000 train_loss:2.6113 train_time:121871ms step_avg:406.24ms
step:400/20000 train_loss:2.5955 train_time:162367ms step_avg:405.92ms
step:500/20000 train_loss:2.5288 train_time:202990ms step_avg:405.98ms
step:500/20000 val_loss:2.5209 val_bpb:1.4930 train_time:202991ms step_avg:405.98ms
step:600/20000 train_loss:2.4507 train_time:243624ms step_avg:406.04ms
step:700/20000 train_loss:2.4606 train_time:284120ms step_avg:405.89ms
step:800/20000 train_loss:2.3897 train_time:324618ms step_avg:405.77ms
step:900/20000 train_loss:2.4262 train_time:365114ms step_avg:405.68ms
step:1000/20000 train_loss:2.4803 train_time:405730ms step_avg:405.73ms
step:1000/20000 val_loss:2.3758 val_bpb:1.4071 train_time:405731ms step_avg:405.73ms
step:1100/20000 train_loss:2.3893 train_time:446410ms step_avg:405.83ms
step:1200/20000 train_loss:2.2996 train_time:486892ms step_avg:405.74ms
step:1300/20000 train_loss:2.2745 train_time:527353ms step_avg:405.66ms
swa:start step:1350
step:1400/20000 train_loss:2.3634 train_time:573016ms step_avg:409.30ms
step:1451/20000 val_loss:2.2183 val_bpb:1.3138 train_time:603299ms step_avg:415.78ms
stopping_early: wallclock_cap train_time:603299ms step:1451/20000
peak memory allocated: 5115 MiB reserved: 5334 MiB
swa:applying averaged 3 checkpoints
Serialized model: 98437419 bytes
Code size: 52927 bytes
Total submission size: 98490346 bytes
Serialized model int6+zstd: 15838572 bytes
Total submission size int8+zlib: 15891499 bytes
final_eval_mode:standard
final_int8_zlib_roundtrip val_loss:2.2255 val_bpb:1.3181 eval_time:32115ms
final_int8_zlib_roundtrip_exact val_loss:2.22551831 val_bpb:1.31807730
