/zhaokunxiang/miniconda3/lib/python3.13/site-packages/torch/cuda/__init__.py:63: FutureWarning: The pynvml package is deprecated. Please install nvidia-ml-py instead. If you did not install pynvml directly, please report this to the maintainers of the package that installed pynvml for you.
  import pynvml  # type: ignore[import]
/zhaokunxiang/miniconda3/lib/python3.13/site-packages/torch/cuda/__init__.py:63: FutureWarning: The pynvml package is deprecated. Please install nvidia-ml-py instead. If you did not install pynvml directly, please report this to the maintainers of the package that installed pynvml for you.
  import pynvml  # type: ignore[import]
logs/stage1_exp1_batch65k.txt
val_bpb:enabled tokenizer_kind=sentencepiece tokenizer_path=./data/tokenizers/fineweb_1024_bpe.model
train_loader:dataset:fineweb10B_sp1024 train_shards:80
val_loader:shards pattern=./data/datasets/fineweb10B_sp1024/fineweb_val_*.bin tokens:62021632
model_params:25517137
world_size:1 grad_accum_steps:8
attention_mode:gqa num_heads:8 num_kv_heads:4
tie_embeddings:True embed_lr:0.03 matrix_lr:0.02 scalar_lr:0.02
train_batch_tokens:65536 train_seq_len:2048 iterations:20000 warmup_steps:20 max_wallclock_seconds:600.000
seed:42
warmup_step:1/20
warmup_step:2/20
warmup_step:3/20
warmup_step:4/20
warmup_step:5/20
warmup_step:6/20
warmup_step:7/20
warmup_step:8/20
warmup_step:9/20
warmup_step:10/20
warmup_step:11/20
warmup_step:12/20
warmup_step:13/20
warmup_step:14/20
warmup_step:15/20
warmup_step:16/20
warmup_step:17/20
warmup_step:18/20
warmup_step:19/20
warmup_step:20/20
step:0/20000 val_loss:6.9323 val_bpb:4.1057 train_time:0ms step_avg:0.03ms
step:1/20000 train_loss:6.9327 train_time:646ms step_avg:646.16ms
step:2/20000 train_loss:8.6053 train_time:960ms step_avg:480.06ms
step:3/20000 train_loss:8.1148 train_time:1278ms step_avg:425.83ms
step:4/20000 train_loss:7.2985 train_time:1593ms step_avg:398.22ms
step:5/20000 train_loss:6.8677 train_time:1914ms step_avg:382.73ms
step:6/20000 train_loss:6.6615 train_time:2234ms step_avg:372.28ms
step:7/20000 train_loss:6.4951 train_time:2547ms step_avg:363.79ms
step:8/20000 train_loss:6.5510 train_time:2864ms step_avg:358.02ms
step:9/20000 train_loss:6.4720 train_time:3182ms step_avg:353.59ms
step:10/20000 train_loss:6.2191 train_time:3521ms step_avg:352.13ms
step:100/20000 train_loss:3.6108 train_time:31307ms step_avg:313.07ms
step:200/20000 train_loss:3.3563 train_time:63588ms step_avg:317.94ms
step:300/20000 train_loss:3.0618 train_time:95393ms step_avg:317.98ms
step:400/20000 train_loss:2.8865 train_time:126010ms step_avg:315.02ms
step:500/20000 train_loss:2.7311 train_time:156538ms step_avg:313.08ms
step:500/20000 val_loss:2.8111 val_bpb:1.6649 train_time:156540ms step_avg:313.08ms
step:600/20000 train_loss:2.7241 train_time:186232ms step_avg:310.39ms
step:700/20000 train_loss:2.6654 train_time:214030ms step_avg:305.76ms
step:800/20000 train_loss:2.6095 train_time:241145ms step_avg:301.43ms
step:900/20000 train_loss:2.5598 train_time:269197ms step_avg:299.11ms
step:1000/20000 train_loss:2.6709 train_time:299587ms step_avg:299.59ms
step:1000/20000 val_loss:2.5903 val_bpb:1.5341 train_time:299589ms step_avg:299.59ms
step:1100/20000 train_loss:2.5494 train_time:331412ms step_avg:301.28ms
step:1200/20000 train_loss:2.6324 train_time:356657ms step_avg:297.21ms
step:1300/20000 train_loss:2.6033 train_time:383438ms step_avg:294.95ms
step:1400/20000 train_loss:2.2816 train_time:410784ms step_avg:293.42ms
step:1500/20000 train_loss:2.5230 train_time:441775ms step_avg:294.52ms
step:1500/20000 val_loss:2.5004 val_bpb:1.4809 train_time:441778ms step_avg:294.52ms
step:1600/20000 train_loss:2.5187 train_time:473906ms step_avg:296.19ms
step:1700/20000 train_loss:2.5158 train_time:497222ms step_avg:292.48ms
step:1800/20000 train_loss:2.4836 train_time:526860ms step_avg:292.70ms
swa:start step:1850
step:1900/20000 train_loss:2.4353 train_time:573909ms step_avg:302.06ms
step:1928/20000 val_loss:2.3696 val_bpb:1.4034 train_time:600262ms step_avg:311.34ms
stopping_early: wallclock_cap train_time:600262ms step:1928/20000
peak memory allocated: 2028 MiB reserved: 2906 MiB
swa:applying averaged 2 checkpoints
Serialized model: 98437419 bytes
Code size: 52926 bytes
Total submission size: 98490345 bytes
Serialized model int6+zstd: 15591445 bytes
Total submission size int8+zlib: 15644371 bytes
final_eval_mode:standard
final_int8_zlib_roundtrip val_loss:2.3779 val_bpb:1.4083 eval_time:32343ms
final_int8_zlib_roundtrip_exact val_loss:2.37788993 val_bpb:1.40832036
