/zhaokunxiang/miniconda3/lib/python3.13/site-packages/torch/cuda/__init__.py:63: FutureWarning: The pynvml package is deprecated. Please install nvidia-ml-py instead. If you did not install pynvml directly, please report this to the maintainers of the package that installed pynvml for you.
  import pynvml  # type: ignore[import]
/zhaokunxiang/miniconda3/lib/python3.13/site-packages/torch/cuda/__init__.py:63: FutureWarning: The pynvml package is deprecated. Please install nvidia-ml-py instead. If you did not install pynvml directly, please report this to the maintainers of the package that installed pynvml for you.
  import pynvml  # type: ignore[import]
logs/stage1_exp_160033.txt
val_bpb:enabled tokenizer_kind=sentencepiece tokenizer_path=./data/tokenizers/fineweb_1024_bpe.model
train_loader:dataset:fineweb10B_sp1024 train_shards:80
val_loader:shards pattern=./data/datasets/fineweb10B_sp1024/fineweb_val_*.bin tokens:62021632
model_params:25517137
world_size:1 grad_accum_steps:8
attention_mode:gqa num_heads:8 num_kv_heads:4
tie_embeddings:True embed_lr:0.03 matrix_lr:0.02 scalar_lr:0.02
train_batch_tokens:196608 train_seq_len:2048 iterations:20000 warmup_steps:30 max_wallclock_seconds:600.000
seed:42
warmup_step:10/30
warmup_step:20/30
warmup_step:30/30
step:0/20000 val_loss:6.9323 val_bpb:4.1057 train_time:0ms step_avg:0.02ms
step:1/20000 train_loss:6.9344 train_time:492ms step_avg:492.50ms
step:2/20000 train_loss:8.3143 train_time:898ms step_avg:448.80ms
step:3/20000 train_loss:7.8336 train_time:1304ms step_avg:434.59ms
step:4/20000 train_loss:7.0976 train_time:1710ms step_avg:427.47ms
step:5/20000 train_loss:6.8082 train_time:2116ms step_avg:423.16ms
step:6/20000 train_loss:6.5723 train_time:2523ms step_avg:420.56ms
step:7/20000 train_loss:6.5489 train_time:2930ms step_avg:418.51ms
step:8/20000 train_loss:6.5317 train_time:3336ms step_avg:417.02ms
step:9/20000 train_loss:6.5023 train_time:3742ms step_avg:415.79ms
step:10/20000 train_loss:6.2864 train_time:4149ms step_avg:414.87ms
step:100/20000 train_loss:3.2814 train_time:40950ms step_avg:409.50ms
step:200/20000 train_loss:2.9497 train_time:81811ms step_avg:409.06ms
step:300/20000 train_loss:2.6175 train_time:122663ms step_avg:408.88ms
step:400/20000 train_loss:2.5928 train_time:163561ms step_avg:408.90ms
step:500/20000 train_loss:2.5285 train_time:204241ms step_avg:408.48ms
step:500/20000 val_loss:2.5161 val_bpb:1.4902 train_time:204242ms step_avg:408.48ms
step:600/20000 train_loss:2.4551 train_time:244962ms step_avg:408.27ms
step:700/20000 train_loss:2.4603 train_time:285481ms step_avg:407.83ms
step:800/20000 train_loss:2.3898 train_time:325998ms step_avg:407.50ms
step:900/20000 train_loss:2.4265 train_time:366618ms step_avg:407.35ms
step:1000/20000 train_loss:2.4834 train_time:407114ms step_avg:407.11ms
step:1000/20000 val_loss:2.3751 val_bpb:1.4067 train_time:407114ms step_avg:407.11ms
step:1100/20000 train_loss:2.3896 train_time:447835ms step_avg:407.12ms
step:1200/20000 train_loss:2.2982 train_time:488341ms step_avg:406.95ms
step:1300/20000 train_loss:2.2773 train_time:528846ms step_avg:406.80ms
swa:start step:1350
step:1400/20000 train_loss:2.3637 train_time:575430ms step_avg:411.02ms
step:1447/20000 val_loss:2.2222 val_bpb:1.3161 train_time:600115ms step_avg:414.73ms
stopping_early: wallclock_cap train_time:600115ms step:1447/20000
peak memory allocated: 5114 MiB reserved: 5332 MiB
swa:applying averaged 2 checkpoints
Serialized model: 98437419 bytes
Code size: 52927 bytes
Total submission size: 98490346 bytes
Serialized model int6+zstd: 15934952 bytes
Total submission size int8+zlib: 15987879 bytes
final_eval_mode:standard
final_int8_zlib_roundtrip val_loss:2.2351 val_bpb:1.3238 eval_time:32101ms
final_int8_zlib_roundtrip_exact val_loss:2.23510625 val_bpb:1.32375582
