/zhaokunxiang/miniconda3/lib/python3.13/site-packages/torch/cuda/__init__.py:63: FutureWarning: The pynvml package is deprecated. Please install nvidia-ml-py instead. If you did not install pynvml directly, please report this to the maintainers of the package that installed pynvml for you.
  import pynvml  # type: ignore[import]
/zhaokunxiang/miniconda3/lib/python3.13/site-packages/torch/cuda/__init__.py:63: FutureWarning: The pynvml package is deprecated. Please install nvidia-ml-py instead. If you did not install pynvml directly, please report this to the maintainers of the package that installed pynvml for you.
  import pynvml  # type: ignore[import]
logs/stage1_exp_201148.txt
val_bpb:enabled tokenizer_kind=sentencepiece tokenizer_path=./data/tokenizers/fineweb_1024_bpe.model
train_loader:dataset:fineweb10B_sp1024 train_shards:80
val_loader:shards pattern=./data/datasets/fineweb10B_sp1024/fineweb_val_*.bin tokens:62021632
model_params:25517137
world_size:1 grad_accum_steps:8
attention_mode:gqa num_heads:8 num_kv_heads:4
tie_embeddings:True embed_lr:0.03 matrix_lr:0.02 scalar_lr:0.02
train_batch_tokens:196608 train_seq_len:2048 iterations:20000 warmup_steps:30 max_wallclock_seconds:600.000
seed:42
warmup_step:10/30
warmup_step:20/30
warmup_step:30/30
step:0/20000 val_loss:6.9323 val_bpb:4.1057 train_time:0ms step_avg:0.02ms
step:1/20000 train_loss:6.9344 train_time:488ms step_avg:488.16ms
step:2/20000 train_loss:8.3143 train_time:893ms step_avg:446.29ms
step:3/20000 train_loss:7.8336 train_time:1297ms step_avg:432.21ms
step:4/20000 train_loss:7.0976 train_time:1702ms step_avg:425.39ms
step:5/20000 train_loss:6.8083 train_time:2108ms step_avg:421.68ms
step:6/20000 train_loss:6.5723 train_time:2514ms step_avg:418.97ms
step:7/20000 train_loss:6.5488 train_time:2920ms step_avg:417.19ms
step:8/20000 train_loss:6.5315 train_time:3325ms step_avg:415.68ms
step:9/20000 train_loss:6.5023 train_time:3732ms step_avg:414.70ms
step:10/20000 train_loss:6.2860 train_time:4138ms step_avg:413.80ms
step:100/20000 train_loss:3.2914 train_time:40768ms step_avg:407.68ms
step:200/20000 train_loss:2.9451 train_time:81301ms step_avg:406.50ms
step:300/20000 train_loss:2.6125 train_time:122025ms step_avg:406.75ms
step:400/20000 train_loss:2.6014 train_time:162789ms step_avg:406.97ms
step:500/20000 train_loss:2.5374 train_time:203285ms step_avg:406.57ms
step:500/20000 val_loss:2.5243 val_bpb:1.4951 train_time:203286ms step_avg:406.57ms
step:600/20000 train_loss:2.4530 train_time:244153ms step_avg:406.92ms
step:700/20000 train_loss:2.4652 train_time:284600ms step_avg:406.57ms
step:800/20000 train_loss:2.3938 train_time:325358ms step_avg:406.70ms
step:900/20000 train_loss:2.4281 train_time:366118ms step_avg:406.80ms
step:1000/20000 train_loss:2.4830 train_time:406562ms step_avg:406.56ms
step:1000/20000 val_loss:2.3762 val_bpb:1.4073 train_time:406562ms step_avg:406.56ms
step:1100/20000 train_loss:2.3895 train_time:447252ms step_avg:406.59ms
step:1200/20000 train_loss:2.2996 train_time:487675ms step_avg:406.40ms
step:1300/20000 train_loss:2.2755 train_time:528408ms step_avg:406.47ms
swa:start step:1350
step:1400/20000 train_loss:2.3614 train_time:575047ms step_avg:410.75ms
step:1447/20000 val_loss:2.2205 val_bpb:1.3151 train_time:600258ms step_avg:414.83ms
stopping_early: wallclock_cap train_time:600258ms step:1447/20000
peak memory allocated: 5114 MiB reserved: 5330 MiB
swa:applying averaged 2 checkpoints
Serialized model: 98437419 bytes
Code size: 52927 bytes
Total submission size: 98490346 bytes
Serialized model int6+zstd: 16345103 bytes
Total submission size int8+zlib: 16398030 bytes
final_eval_mode:standard
final_int8_zlib_roundtrip val_loss:2.2340 val_bpb:1.3231 eval_time:32099ms
final_int8_zlib_roundtrip_exact val_loss:2.23396681 val_bpb:1.32308098
