/zhaokunxiang/miniconda3/lib/python3.13/site-packages/torch/cuda/__init__.py:63: FutureWarning: The pynvml package is deprecated. Please install nvidia-ml-py instead. If you did not install pynvml directly, please report this to the maintainers of the package that installed pynvml for you.
  import pynvml  # type: ignore[import]
/zhaokunxiang/miniconda3/lib/python3.13/site-packages/torch/cuda/__init__.py:63: FutureWarning: The pynvml package is deprecated. Please install nvidia-ml-py instead. If you did not install pynvml directly, please report this to the maintainers of the package that installed pynvml for you.
  import pynvml  # type: ignore[import]
logs/stage1_exp6_lr015.txt
val_bpb:enabled tokenizer_kind=sentencepiece tokenizer_path=./data/tokenizers/fineweb_1024_bpe.model
train_loader:dataset:fineweb10B_sp1024 train_shards:80
val_loader:shards pattern=./data/datasets/fineweb10B_sp1024/fineweb_val_*.bin tokens:62021632
model_params:25517137
world_size:1 grad_accum_steps:8
attention_mode:gqa num_heads:8 num_kv_heads:4
tie_embeddings:True embed_lr:0.03 matrix_lr:0.015 scalar_lr:0.015
train_batch_tokens:196608 train_seq_len:2048 iterations:20000 warmup_steps:20 max_wallclock_seconds:600.000
seed:42
warmup_step:1/20
warmup_step:2/20
warmup_step:3/20
warmup_step:4/20
warmup_step:5/20
warmup_step:6/20
warmup_step:7/20
warmup_step:8/20
warmup_step:9/20
warmup_step:10/20
warmup_step:11/20
warmup_step:12/20
warmup_step:13/20
warmup_step:14/20
warmup_step:15/20
warmup_step:16/20
warmup_step:17/20
warmup_step:18/20
warmup_step:19/20
warmup_step:20/20
step:0/20000 val_loss:6.9323 val_bpb:4.1057 train_time:0ms step_avg:0.03ms
step:1/20000 train_loss:6.9344 train_time:1789ms step_avg:1788.91ms
step:2/20000 train_loss:8.4576 train_time:2240ms step_avg:1120.03ms
step:3/20000 train_loss:8.1363 train_time:2686ms step_avg:895.48ms
step:4/20000 train_loss:7.3519 train_time:3145ms step_avg:786.22ms
step:5/20000 train_loss:6.7778 train_time:3597ms step_avg:719.44ms
step:6/20000 train_loss:6.4466 train_time:4041ms step_avg:673.54ms
step:7/20000 train_loss:6.4508 train_time:4487ms step_avg:641.05ms
step:8/20000 train_loss:6.3250 train_time:4941ms step_avg:617.63ms
step:9/20000 train_loss:6.2333 train_time:5386ms step_avg:598.45ms
step:10/20000 train_loss:6.1196 train_time:5822ms step_avg:582.20ms
step:100/20000 train_loss:3.3001 train_time:45282ms step_avg:452.82ms
step:200/20000 train_loss:3.0194 train_time:88667ms step_avg:443.33ms
step:300/20000 train_loss:2.6775 train_time:132085ms step_avg:440.28ms
step:400/20000 train_loss:2.6399 train_time:175042ms step_avg:437.60ms
step:500/20000 train_loss:2.5713 train_time:218559ms step_avg:437.12ms
step:500/20000 val_loss:2.5559 val_bpb:1.5138 train_time:218566ms step_avg:437.13ms
step:600/20000 train_loss:2.5020 train_time:261808ms step_avg:436.35ms
step:700/20000 train_loss:2.4945 train_time:305338ms step_avg:436.20ms
step:800/20000 train_loss:2.4164 train_time:348351ms step_avg:435.44ms
step:900/20000 train_loss:2.4467 train_time:391750ms step_avg:435.28ms
step:1000/20000 train_loss:2.5016 train_time:435594ms step_avg:435.59ms
step:1000/20000 val_loss:2.3937 val_bpb:1.4177 train_time:435618ms step_avg:435.62ms
step:1100/20000 train_loss:2.4084 train_time:479410ms step_avg:435.83ms
step:1200/20000 train_loss:2.3265 train_time:522692ms step_avg:435.58ms
swa:start step:1300
step:1300/20000 train_loss:2.3004 train_time:565609ms step_avg:435.08ms
step:1330/20000 val_loss:2.2912 val_bpb:1.3570 train_time:600220ms step_avg:451.29ms
stopping_early: wallclock_cap train_time:600220ms step:1330/20000
peak memory allocated: 5114 MiB reserved: 5332 MiB
Serialized model: 98437419 bytes
Code size: 52929 bytes
Total submission size: 98490348 bytes
Serialized model int6+zstd: 15799518 bytes
Total submission size int8+zlib: 15852447 bytes
final_eval_mode:standard
final_int8_zlib_roundtrip val_loss:2.2993 val_bpb:1.3618 eval_time:32350ms
final_int8_zlib_roundtrip_exact val_loss:2.29934167 val_bpb:1.36179966
