/zhaokunxiang/miniconda3/lib/python3.13/site-packages/torch/cuda/__init__.py:63: FutureWarning: The pynvml package is deprecated. Please install nvidia-ml-py instead. If you did not install pynvml directly, please report this to the maintainers of the package that installed pynvml for you.
  import pynvml  # type: ignore[import]
/zhaokunxiang/miniconda3/lib/python3.13/site-packages/torch/cuda/__init__.py:63: FutureWarning: The pynvml package is deprecated. Please install nvidia-ml-py instead. If you did not install pynvml directly, please report this to the maintainers of the package that installed pynvml for you.
  import pynvml  # type: ignore[import]
logs/stage1_exp_174029.txt
val_bpb:enabled tokenizer_kind=sentencepiece tokenizer_path=./data/tokenizers/fineweb_1024_bpe.model
train_loader:dataset:fineweb10B_sp1024 train_shards:80
val_loader:shards pattern=./data/datasets/fineweb10B_sp1024/fineweb_val_*.bin tokens:62021632
model_params:25517137
world_size:1 grad_accum_steps:8
attention_mode:gqa num_heads:8 num_kv_heads:4
tie_embeddings:True embed_lr:0.03 matrix_lr:0.02 scalar_lr:0.02
train_batch_tokens:196608 train_seq_len:2048 iterations:20000 warmup_steps:30 max_wallclock_seconds:600.000
seed:42
warmup_step:10/30
warmup_step:20/30
warmup_step:30/30
step:0/20000 val_loss:6.9323 val_bpb:4.1057 train_time:0ms step_avg:0.02ms
step:1/20000 train_loss:6.9344 train_time:490ms step_avg:489.91ms
step:2/20000 train_loss:8.3143 train_time:894ms step_avg:447.06ms
step:3/20000 train_loss:7.8337 train_time:1298ms step_avg:432.75ms
step:4/20000 train_loss:7.0976 train_time:1703ms step_avg:425.65ms
step:5/20000 train_loss:6.8083 train_time:2107ms step_avg:421.37ms
step:6/20000 train_loss:6.5725 train_time:2511ms step_avg:418.48ms
step:7/20000 train_loss:6.5492 train_time:2917ms step_avg:416.74ms
step:8/20000 train_loss:6.5331 train_time:3322ms step_avg:415.22ms
step:9/20000 train_loss:6.5029 train_time:3727ms step_avg:414.08ms
step:10/20000 train_loss:6.2862 train_time:4131ms step_avg:413.09ms
step:100/20000 train_loss:3.2814 train_time:40640ms step_avg:406.40ms
step:200/20000 train_loss:2.9440 train_time:81276ms step_avg:406.38ms
step:300/20000 train_loss:2.6120 train_time:121919ms step_avg:406.40ms
step:400/20000 train_loss:2.5971 train_time:162558ms step_avg:406.39ms
step:500/20000 train_loss:2.5307 train_time:203158ms step_avg:406.32ms
step:500/20000 val_loss:2.5168 val_bpb:1.4906 train_time:203158ms step_avg:406.32ms
step:600/20000 train_loss:2.4501 train_time:244029ms step_avg:406.72ms
step:700/20000 train_loss:2.4620 train_time:284704ms step_avg:406.72ms
step:800/20000 train_loss:2.3916 train_time:325371ms step_avg:406.71ms
step:900/20000 train_loss:2.4270 train_time:366030ms step_avg:406.70ms
step:1000/20000 train_loss:2.4835 train_time:406718ms step_avg:406.72ms
step:1000/20000 val_loss:2.3741 val_bpb:1.4061 train_time:406719ms step_avg:406.72ms
step:1100/20000 train_loss:2.3895 train_time:447542ms step_avg:406.86ms
step:1200/20000 train_loss:2.2997 train_time:488123ms step_avg:406.77ms
step:1300/20000 train_loss:2.2747 train_time:528706ms step_avg:406.70ms
swa:start step:1350
step:1400/20000 train_loss:2.3630 train_time:574243ms step_avg:410.17ms
step:1449/20000 val_loss:2.2195 val_bpb:1.3145 train_time:600236ms step_avg:414.24ms
stopping_early: wallclock_cap train_time:600236ms step:1449/20000
peak memory allocated: 5114 MiB reserved: 5330 MiB
swa:applying averaged 2 checkpoints
Serialized model: 98437419 bytes
Code size: 52928 bytes
Total submission size: 98490347 bytes
Serialized model int6+zstd: 16466212 bytes
Total submission size int8+zlib: 16519140 bytes
final_eval_mode:standard
final_int8_zlib_roundtrip val_loss:2.2326 val_bpb:1.3223 eval_time:32099ms
final_int8_zlib_roundtrip_exact val_loss:2.23263411 val_bpb:1.32229168
