/zhaokunxiang/miniconda3/lib/python3.13/site-packages/torch/cuda/__init__.py:63: FutureWarning: The pynvml package is deprecated. Please install nvidia-ml-py instead. If you did not install pynvml directly, please report this to the maintainers of the package that installed pynvml for you.
  import pynvml  # type: ignore[import]
/zhaokunxiang/miniconda3/lib/python3.13/site-packages/torch/cuda/__init__.py:63: FutureWarning: The pynvml package is deprecated. Please install nvidia-ml-py instead. If you did not install pynvml directly, please report this to the maintainers of the package that installed pynvml for you.
  import pynvml  # type: ignore[import]
logs/stage1_exp4_batch196k.txt
val_bpb:enabled tokenizer_kind=sentencepiece tokenizer_path=./data/tokenizers/fineweb_1024_bpe.model
train_loader:dataset:fineweb10B_sp1024 train_shards:80
val_loader:shards pattern=./data/datasets/fineweb10B_sp1024/fineweb_val_*.bin tokens:62021632
model_params:25517137
world_size:1 grad_accum_steps:8
attention_mode:gqa num_heads:8 num_kv_heads:4
tie_embeddings:True embed_lr:0.03 matrix_lr:0.02 scalar_lr:0.02
train_batch_tokens:196608 train_seq_len:2048 iterations:20000 warmup_steps:20 max_wallclock_seconds:600.000
seed:42
warmup_step:1/20
warmup_step:2/20
warmup_step:3/20
warmup_step:4/20
warmup_step:5/20
warmup_step:6/20
warmup_step:7/20
warmup_step:8/20
warmup_step:9/20
warmup_step:10/20
warmup_step:11/20
warmup_step:12/20
warmup_step:13/20
warmup_step:14/20
warmup_step:15/20
warmup_step:16/20
warmup_step:17/20
warmup_step:18/20
warmup_step:19/20
warmup_step:20/20
step:0/20000 val_loss:6.9323 val_bpb:4.1057 train_time:0ms step_avg:0.03ms
step:1/20000 train_loss:6.9344 train_time:903ms step_avg:903.26ms
step:2/20000 train_loss:8.3143 train_time:1355ms step_avg:677.55ms
step:3/20000 train_loss:7.8349 train_time:1797ms step_avg:598.93ms
step:4/20000 train_loss:7.0987 train_time:2238ms step_avg:559.44ms
step:5/20000 train_loss:6.8081 train_time:2676ms step_avg:535.26ms
step:6/20000 train_loss:6.5717 train_time:3121ms step_avg:520.14ms
step:7/20000 train_loss:6.5493 train_time:3564ms step_avg:509.21ms
step:8/20000 train_loss:6.5296 train_time:4004ms step_avg:500.56ms
step:9/20000 train_loss:6.4990 train_time:4455ms step_avg:494.98ms
step:10/20000 train_loss:6.2875 train_time:4895ms step_avg:489.48ms
step:100/20000 train_loss:3.2879 train_time:44315ms step_avg:443.15ms
step:200/20000 train_loss:3.0129 train_time:87886ms step_avg:439.43ms
step:300/20000 train_loss:2.6645 train_time:131572ms step_avg:438.57ms
step:400/20000 train_loss:2.6295 train_time:175497ms step_avg:438.74ms
step:500/20000 train_loss:2.5619 train_time:219251ms step_avg:438.50ms
step:500/20000 val_loss:2.5464 val_bpb:1.5081 train_time:219261ms step_avg:438.52ms
step:600/20000 train_loss:2.4800 train_time:263500ms step_avg:439.17ms
step:700/20000 train_loss:2.4893 train_time:307385ms step_avg:439.12ms
step:800/20000 train_loss:2.4130 train_time:351168ms step_avg:438.96ms
step:900/20000 train_loss:2.4441 train_time:395055ms step_avg:438.95ms
step:1000/20000 train_loss:2.4975 train_time:438743ms step_avg:438.74ms
step:1000/20000 val_loss:2.3915 val_bpb:1.4164 train_time:438746ms step_avg:438.75ms
step:1100/20000 train_loss:2.4090 train_time:482682ms step_avg:438.80ms
step:1200/20000 train_loss:2.3242 train_time:526115ms step_avg:438.43ms
swa:start step:1300
step:1300/20000 train_loss:2.2951 train_time:569482ms step_avg:438.06ms
step:1330/20000 val_loss:2.2861 val_bpb:1.3540 train_time:600400ms step_avg:451.43ms
stopping_early: wallclock_cap train_time:600400ms step:1330/20000
peak memory allocated: 5120 MiB reserved: 5548 MiB
Serialized model: 98437419 bytes
Code size: 52927 bytes
Total submission size: 98490346 bytes
Serialized model int6+zstd: 15701925 bytes
Total submission size int8+zlib: 15754852 bytes
final_eval_mode:standard
final_int8_zlib_roundtrip val_loss:2.2931 val_bpb:1.3581 eval_time:32434ms
final_int8_zlib_roundtrip_exact val_loss:2.29306129 val_bpb:1.35808006
