/zhaokunxiang/miniconda3/lib/python3.13/site-packages/torch/cuda/__init__.py:63: FutureWarning: The pynvml package is deprecated. Please install nvidia-ml-py instead. If you did not install pynvml directly, please report this to the maintainers of the package that installed pynvml for you.
  import pynvml  # type: ignore[import]
/zhaokunxiang/miniconda3/lib/python3.13/site-packages/torch/cuda/__init__.py:63: FutureWarning: The pynvml package is deprecated. Please install nvidia-ml-py instead. If you did not install pynvml directly, please report this to the maintainers of the package that installed pynvml for you.
  import pynvml  # type: ignore[import]
logs/stage1_exp_210826.txt
val_bpb:enabled tokenizer_kind=sentencepiece tokenizer_path=./data/tokenizers/fineweb_1024_bpe.model
train_loader:dataset:fineweb10B_sp1024 train_shards:80
val_loader:shards pattern=./data/datasets/fineweb10B_sp1024/fineweb_val_*.bin tokens:62021632
model_params:25517137
world_size:1 grad_accum_steps:8
attention_mode:gqa num_heads:8 num_kv_heads:4
tie_embeddings:True embed_lr:0.03 matrix_lr:0.02 scalar_lr:0.02
train_batch_tokens:196608 train_seq_len:2048 iterations:20000 warmup_steps:30 max_wallclock_seconds:600.000
seed:42
warmup_step:10/30
warmup_step:20/30
warmup_step:30/30
step:0/20000 val_loss:6.9323 val_bpb:4.1057 train_time:0ms step_avg:0.02ms
step:1/20000 train_loss:6.9344 train_time:469ms step_avg:469.19ms
step:2/20000 train_loss:8.3143 train_time:871ms step_avg:435.67ms
step:3/20000 train_loss:7.8306 train_time:1274ms step_avg:424.65ms
step:4/20000 train_loss:7.0932 train_time:1676ms step_avg:418.91ms
step:5/20000 train_loss:6.8075 train_time:2078ms step_avg:415.64ms
step:6/20000 train_loss:6.5731 train_time:2482ms step_avg:413.71ms
step:7/20000 train_loss:6.5514 train_time:2886ms step_avg:412.25ms
step:8/20000 train_loss:6.5335 train_time:3289ms step_avg:411.11ms
step:9/20000 train_loss:6.5012 train_time:3692ms step_avg:410.17ms
step:10/20000 train_loss:6.2840 train_time:4094ms step_avg:409.43ms
step:100/20000 train_loss:3.2955 train_time:40437ms step_avg:404.37ms
step:200/20000 train_loss:2.9428 train_time:80860ms step_avg:404.30ms
step:300/20000 train_loss:2.6175 train_time:121276ms step_avg:404.25ms
step:400/20000 train_loss:2.5998 train_time:161707ms step_avg:404.27ms
step:500/20000 train_loss:2.5322 train_time:202114ms step_avg:404.23ms
step:500/20000 val_loss:2.5215 val_bpb:1.4934 train_time:202115ms step_avg:404.23ms
step:600/20000 train_loss:2.4528 train_time:242706ms step_avg:404.51ms
step:700/20000 train_loss:2.4640 train_time:283115ms step_avg:404.45ms
step:800/20000 train_loss:2.3911 train_time:323510ms step_avg:404.39ms
step:900/20000 train_loss:2.4271 train_time:363926ms step_avg:404.36ms
step:1000/20000 train_loss:2.4818 train_time:404347ms step_avg:404.35ms
step:1000/20000 val_loss:2.3765 val_bpb:1.4075 train_time:404348ms step_avg:404.35ms
step:1100/20000 train_loss:2.3898 train_time:444904ms step_avg:404.46ms
step:1200/20000 train_loss:2.3000 train_time:485472ms step_avg:404.56ms
step:1300/20000 train_loss:2.2755 train_time:526035ms step_avg:404.64ms
swa:start step:1350
step:1400/20000 train_loss:2.3638 train_time:572499ms step_avg:408.93ms
step:1451/20000 val_loss:2.2193 val_bpb:1.3144 train_time:603966ms step_avg:416.24ms
stopping_early: wallclock_cap train_time:603966ms step:1451/20000
peak memory allocated: 5114 MiB reserved: 5332 MiB
swa:applying averaged 3 checkpoints
Serialized model: 98437419 bytes
Code size: 52927 bytes
Total submission size: 98490346 bytes
Serialized model int6+zstd: 15771780 bytes
Total submission size int8+zlib: 15824707 bytes
final_eval_mode:standard
final_int8_zlib_roundtrip val_loss:2.2267 val_bpb:1.3188 eval_time:32013ms
final_int8_zlib_roundtrip_exact val_loss:2.22673120 val_bpb:1.31879564
