/zhaokunxiang/miniconda3/lib/python3.13/site-packages/torch/cuda/__init__.py:63: FutureWarning: The pynvml package is deprecated. Please install nvidia-ml-py instead. If you did not install pynvml directly, please report this to the maintainers of the package that installed pynvml for you.
  import pynvml  # type: ignore[import]
/zhaokunxiang/miniconda3/lib/python3.13/site-packages/torch/cuda/__init__.py:63: FutureWarning: The pynvml package is deprecated. Please install nvidia-ml-py instead. If you did not install pynvml directly, please report this to the maintainers of the package that installed pynvml for you.
  import pynvml  # type: ignore[import]
logs/stage1_exp_154159.txt
val_bpb:enabled tokenizer_kind=sentencepiece tokenizer_path=./data/tokenizers/fineweb_1024_bpe.model
train_loader:dataset:fineweb10B_sp1024 train_shards:80
val_loader:shards pattern=./data/datasets/fineweb10B_sp1024/fineweb_val_*.bin tokens:62021632
model_params:25517137
world_size:1 grad_accum_steps:8
attention_mode:gqa num_heads:8 num_kv_heads:4
tie_embeddings:True embed_lr:0.03 matrix_lr:0.02 scalar_lr:0.02
train_batch_tokens:196608 train_seq_len:2048 iterations:20000 warmup_steps:30 max_wallclock_seconds:600.000
seed:42
warmup_step:10/30
warmup_step:20/30
warmup_step:30/30
step:0/20000 val_loss:6.9323 val_bpb:4.1057 train_time:0ms step_avg:0.02ms
step:1/20000 train_loss:6.9344 train_time:768ms step_avg:768.39ms
step:2/20000 train_loss:8.3144 train_time:1174ms step_avg:586.95ms
step:3/20000 train_loss:7.8347 train_time:1574ms step_avg:524.65ms
step:4/20000 train_loss:7.0986 train_time:1976ms step_avg:494.03ms
step:5/20000 train_loss:6.8081 train_time:2377ms step_avg:475.48ms
step:6/20000 train_loss:6.5710 train_time:2780ms step_avg:463.27ms
step:7/20000 train_loss:6.5463 train_time:3181ms step_avg:454.37ms
step:8/20000 train_loss:6.5285 train_time:3583ms step_avg:447.86ms
step:9/20000 train_loss:6.4996 train_time:3984ms step_avg:442.71ms
step:10/20000 train_loss:6.2840 train_time:4387ms step_avg:438.75ms
step:100/20000 train_loss:3.2955 train_time:40744ms step_avg:407.44ms
step:200/20000 train_loss:2.9411 train_time:81181ms step_avg:405.90ms
step:300/20000 train_loss:2.6119 train_time:121642ms step_avg:405.47ms
step:400/20000 train_loss:2.5889 train_time:162057ms step_avg:405.14ms
step:500/20000 train_loss:2.5270 train_time:202540ms step_avg:405.08ms
step:500/20000 val_loss:2.5143 val_bpb:1.4891 train_time:202541ms step_avg:405.08ms
step:600/20000 train_loss:2.4492 train_time:243193ms step_avg:405.32ms
step:700/20000 train_loss:2.4636 train_time:283684ms step_avg:405.26ms
step:800/20000 train_loss:2.3902 train_time:324196ms step_avg:405.24ms
step:900/20000 train_loss:2.4274 train_time:364688ms step_avg:405.21ms
step:1000/20000 train_loss:2.4802 train_time:405103ms step_avg:405.10ms
step:1000/20000 val_loss:2.3735 val_bpb:1.4057 train_time:405103ms step_avg:405.10ms
step:1100/20000 train_loss:2.3887 train_time:445673ms step_avg:405.16ms
step:1200/20000 train_loss:2.2986 train_time:486084ms step_avg:405.07ms
step:1300/20000 train_loss:2.2747 train_time:526493ms step_avg:404.99ms
swa:start step:1350
step:1400/20000 train_loss:2.3633 train_time:572694ms step_avg:409.07ms
step:1451/20000 val_loss:2.2203 val_bpb:1.3150 train_time:604891ms step_avg:416.88ms
stopping_early: wallclock_cap train_time:604891ms step:1451/20000
peak memory allocated: 5114 MiB reserved: 5332 MiB
swa:applying averaged 3 checkpoints
Serialized model: 98437419 bytes
Code size: 52927 bytes
Total submission size: 98490346 bytes
Serialized model int6+zstd: 15903701 bytes
Total submission size int8+zlib: 15956628 bytes
final_eval_mode:standard
final_int8_zlib_roundtrip val_loss:2.2279 val_bpb:1.3195 eval_time:32028ms
final_int8_zlib_roundtrip_exact val_loss:2.22793205 val_bpb:1.31950685
