/zhaokunxiang/miniconda3/lib/python3.13/site-packages/torch/cuda/__init__.py:63: FutureWarning: The pynvml package is deprecated. Please install nvidia-ml-py instead. If you did not install pynvml directly, please report this to the maintainers of the package that installed pynvml for you.
  import pynvml  # type: ignore[import]
/zhaokunxiang/miniconda3/lib/python3.13/site-packages/torch/cuda/__init__.py:63: FutureWarning: The pynvml package is deprecated. Please install nvidia-ml-py instead. If you did not install pynvml directly, please report this to the maintainers of the package that installed pynvml for you.
  import pynvml  # type: ignore[import]
logs/stage1_exp_181757.txt
val_bpb:enabled tokenizer_kind=sentencepiece tokenizer_path=./data/tokenizers/fineweb_1024_bpe.model
train_loader:dataset:fineweb10B_sp1024 train_shards:80
val_loader:shards pattern=./data/datasets/fineweb10B_sp1024/fineweb_val_*.bin tokens:62021632
model_params:25517137
world_size:1 grad_accum_steps:8
attention_mode:gqa num_heads:8 num_kv_heads:4
tie_embeddings:True embed_lr:0.03 matrix_lr:0.02 scalar_lr:0.02
train_batch_tokens:196608 train_seq_len:2048 iterations:20000 warmup_steps:30 max_wallclock_seconds:600.000
seed:42
warmup_step:10/30
warmup_step:20/30
warmup_step:30/30
step:0/20000 val_loss:6.9323 val_bpb:4.1057 train_time:0ms step_avg:0.02ms
step:1/20000 train_loss:6.9344 train_time:486ms step_avg:485.77ms
step:2/20000 train_loss:8.3143 train_time:889ms step_avg:444.74ms
step:3/20000 train_loss:7.8336 train_time:1294ms step_avg:431.50ms
step:4/20000 train_loss:7.0976 train_time:1701ms step_avg:425.15ms
step:5/20000 train_loss:6.8082 train_time:2106ms step_avg:421.19ms
step:6/20000 train_loss:6.5723 train_time:2510ms step_avg:418.41ms
step:7/20000 train_loss:6.5485 train_time:2915ms step_avg:416.40ms
step:8/20000 train_loss:6.5315 train_time:3321ms step_avg:415.16ms
step:9/20000 train_loss:6.5026 train_time:3726ms step_avg:414.03ms
step:10/20000 train_loss:6.2858 train_time:4131ms step_avg:413.07ms
step:100/20000 train_loss:3.2820 train_time:40622ms step_avg:406.22ms
step:200/20000 train_loss:2.9432 train_time:81348ms step_avg:406.74ms
step:300/20000 train_loss:2.6112 train_time:121862ms step_avg:406.21ms
step:400/20000 train_loss:2.5956 train_time:162598ms step_avg:406.49ms
step:500/20000 train_loss:2.5310 train_time:203553ms step_avg:407.11ms
step:500/20000 val_loss:2.5195 val_bpb:1.4922 train_time:203554ms step_avg:407.11ms
step:600/20000 train_loss:2.4510 train_time:244293ms step_avg:407.15ms
step:700/20000 train_loss:2.4624 train_time:284730ms step_avg:406.76ms
step:800/20000 train_loss:2.3888 train_time:325154ms step_avg:406.44ms
step:900/20000 train_loss:2.4247 train_time:365629ms step_avg:406.25ms
step:1000/20000 train_loss:2.4823 train_time:406045ms step_avg:406.05ms
step:1000/20000 val_loss:2.3761 val_bpb:1.4073 train_time:406046ms step_avg:406.05ms
step:1100/20000 train_loss:2.3795 train_time:446621ms step_avg:406.02ms
step:1200/20000 train_loss:2.2879 train_time:487080ms step_avg:405.90ms
swa:start step:1300
step:1300/20000 train_loss:2.2667 train_time:527504ms step_avg:405.77ms
step:1400/20000 train_loss:2.3548 train_time:579798ms step_avg:414.14ms
step:1434/20000 val_loss:2.2193 val_bpb:1.3144 train_time:600187ms step_avg:418.54ms
stopping_early: wallclock_cap train_time:600187ms step:1434/20000
peak memory allocated: 5114 MiB reserved: 5330 MiB
swa:applying averaged 3 checkpoints
Serialized model: 98437419 bytes
Code size: 52927 bytes
Total submission size: 98490346 bytes
Serialized model int6+zstd: 15905834 bytes
Total submission size int8+zlib: 15958761 bytes
final_eval_mode:standard
final_int8_zlib_roundtrip val_loss:2.2306 val_bpb:1.3211 eval_time:32135ms
final_int8_zlib_roundtrip_exact val_loss:2.23056325 val_bpb:1.32106520
