/zhaokunxiang/miniconda3/lib/python3.13/site-packages/torch/cuda/__init__.py:63: FutureWarning: The pynvml package is deprecated. Please install nvidia-ml-py instead. If you did not install pynvml directly, please report this to the maintainers of the package that installed pynvml for you.
  import pynvml  # type: ignore[import]
/zhaokunxiang/miniconda3/lib/python3.13/site-packages/torch/cuda/__init__.py:63: FutureWarning: The pynvml package is deprecated. Please install nvidia-ml-py instead. If you did not install pynvml directly, please report this to the maintainers of the package that installed pynvml for you.
  import pynvml  # type: ignore[import]
logs/stage1_exp_183614.txt
val_bpb:enabled tokenizer_kind=sentencepiece tokenizer_path=./data/tokenizers/fineweb_1024_bpe.model
train_loader:dataset:fineweb10B_sp1024 train_shards:80
val_loader:shards pattern=./data/datasets/fineweb10B_sp1024/fineweb_val_*.bin tokens:62021632
model_params:25517137
world_size:1 grad_accum_steps:8
attention_mode:gqa num_heads:8 num_kv_heads:4
tie_embeddings:True embed_lr:0.03 matrix_lr:0.018 scalar_lr:0.02
train_batch_tokens:196608 train_seq_len:2048 iterations:20000 warmup_steps:30 max_wallclock_seconds:600.000
seed:42
warmup_step:10/30
warmup_step:20/30
warmup_step:30/30
step:0/20000 val_loss:6.9323 val_bpb:4.1057 train_time:0ms step_avg:0.02ms
step:1/20000 train_loss:6.9344 train_time:491ms step_avg:490.86ms
step:2/20000 train_loss:8.3334 train_time:894ms step_avg:447.07ms
step:3/20000 train_loss:7.8892 train_time:1298ms step_avg:432.81ms
step:4/20000 train_loss:7.1376 train_time:1701ms step_avg:425.24ms
step:5/20000 train_loss:6.7852 train_time:2105ms step_avg:420.95ms
step:6/20000 train_loss:6.5339 train_time:2508ms step_avg:418.00ms
step:7/20000 train_loss:6.5217 train_time:2912ms step_avg:415.98ms
step:8/20000 train_loss:6.5102 train_time:3316ms step_avg:414.48ms
step:9/20000 train_loss:6.4731 train_time:3720ms step_avg:413.30ms
step:10/20000 train_loss:6.2592 train_time:4123ms step_avg:412.35ms
step:100/20000 train_loss:3.2931 train_time:40721ms step_avg:407.21ms
step:200/20000 train_loss:2.9490 train_time:81407ms step_avg:407.03ms
step:300/20000 train_loss:2.6123 train_time:121979ms step_avg:406.60ms
step:400/20000 train_loss:2.5945 train_time:162515ms step_avg:406.29ms
step:500/20000 train_loss:2.5309 train_time:203056ms step_avg:406.11ms
step:500/20000 val_loss:2.5178 val_bpb:1.4912 train_time:203057ms step_avg:406.11ms
step:600/20000 train_loss:2.4534 train_time:243701ms step_avg:406.17ms
step:700/20000 train_loss:2.4627 train_time:284145ms step_avg:405.92ms
step:800/20000 train_loss:2.3918 train_time:324589ms step_avg:405.74ms
step:900/20000 train_loss:2.4286 train_time:365044ms step_avg:405.60ms
step:1000/20000 train_loss:2.4810 train_time:405580ms step_avg:405.58ms
step:1000/20000 val_loss:2.3757 val_bpb:1.4070 train_time:405581ms step_avg:405.58ms
step:1100/20000 train_loss:2.3907 train_time:446238ms step_avg:405.67ms
step:1200/20000 train_loss:2.3009 train_time:486691ms step_avg:405.58ms
step:1300/20000 train_loss:2.2773 train_time:527194ms step_avg:405.53ms
swa:start step:1350
step:1400/20000 train_loss:2.3641 train_time:574000ms step_avg:410.00ms
step:1451/20000 val_loss:2.2227 val_bpb:1.3164 train_time:606418ms step_avg:417.93ms
stopping_early: wallclock_cap train_time:606418ms step:1451/20000
peak memory allocated: 5114 MiB reserved: 5330 MiB
swa:applying averaged 3 checkpoints
Serialized model: 98437419 bytes
Code size: 52928 bytes
Total submission size: 98490347 bytes
Serialized model int6+zstd: 15834197 bytes
Total submission size int8+zlib: 15887125 bytes
final_eval_mode:standard
final_int8_zlib_roundtrip val_loss:2.2302 val_bpb:1.3208 eval_time:32060ms
final_int8_zlib_roundtrip_exact val_loss:2.23017898 val_bpb:1.32083761
