/zhaokunxiang/miniconda3/lib/python3.13/site-packages/torch/cuda/__init__.py:63: FutureWarning: The pynvml package is deprecated. Please install nvidia-ml-py instead. If you did not install pynvml directly, please report this to the maintainers of the package that installed pynvml for you.
  import pynvml  # type: ignore[import]
/zhaokunxiang/miniconda3/lib/python3.13/site-packages/torch/cuda/__init__.py:63: FutureWarning: The pynvml package is deprecated. Please install nvidia-ml-py instead. If you did not install pynvml directly, please report this to the maintainers of the package that installed pynvml for you.
  import pynvml  # type: ignore[import]
logs/stage1_exp_142708.txt
val_bpb:enabled tokenizer_kind=sentencepiece tokenizer_path=./data/tokenizers/fineweb_1024_bpe.model
train_loader:dataset:fineweb10B_sp1024 train_shards:80
val_loader:shards pattern=./data/datasets/fineweb10B_sp1024/fineweb_val_*.bin tokens:62021632
model_params:25517137
world_size:1 grad_accum_steps:8
attention_mode:gqa num_heads:8 num_kv_heads:4
tie_embeddings:True embed_lr:0.03 matrix_lr:0.02 scalar_lr:0.02
train_batch_tokens:196608 train_seq_len:2048 iterations:20000 warmup_steps:20 max_wallclock_seconds:600.000
seed:42
warmup_step:1/20
warmup_step:2/20
warmup_step:3/20
warmup_step:4/20
warmup_step:5/20
warmup_step:6/20
warmup_step:7/20
warmup_step:8/20
warmup_step:9/20
warmup_step:10/20
warmup_step:11/20
warmup_step:12/20
warmup_step:13/20
warmup_step:14/20
warmup_step:15/20
warmup_step:16/20
warmup_step:17/20
warmup_step:18/20
warmup_step:19/20
warmup_step:20/20
step:0/20000 val_loss:6.9323 val_bpb:4.1057 train_time:0ms step_avg:0.02ms
step:1/20000 train_loss:6.9344 train_time:462ms step_avg:462.07ms
step:2/20000 train_loss:8.3143 train_time:866ms step_avg:433.01ms
step:3/20000 train_loss:7.8349 train_time:1270ms step_avg:423.43ms
step:4/20000 train_loss:7.0987 train_time:1674ms step_avg:418.55ms
step:5/20000 train_loss:6.8082 train_time:2078ms step_avg:415.68ms
step:6/20000 train_loss:6.5721 train_time:2483ms step_avg:413.81ms
step:7/20000 train_loss:6.5500 train_time:2886ms step_avg:412.35ms
step:8/20000 train_loss:6.5310 train_time:3290ms step_avg:411.25ms
step:9/20000 train_loss:6.4991 train_time:3695ms step_avg:410.60ms
step:10/20000 train_loss:6.2872 train_time:4101ms step_avg:410.09ms
step:100/20000 train_loss:3.2891 train_time:40712ms step_avg:407.12ms
step:200/20000 train_loss:2.9981 train_time:81429ms step_avg:407.14ms
step:300/20000 train_loss:2.6541 train_time:121893ms step_avg:406.31ms
step:400/20000 train_loss:2.6203 train_time:162328ms step_avg:405.82ms
step:500/20000 train_loss:2.5542 train_time:202800ms step_avg:405.60ms
step:500/20000 val_loss:2.5410 val_bpb:1.5049 train_time:202801ms step_avg:405.60ms
step:600/20000 train_loss:2.4776 train_time:243425ms step_avg:405.71ms
step:700/20000 train_loss:2.4857 train_time:284039ms step_avg:405.77ms
step:800/20000 train_loss:2.4092 train_time:324575ms step_avg:405.72ms
step:900/20000 train_loss:2.4399 train_time:365231ms step_avg:405.81ms
step:1000/20000 train_loss:2.4915 train_time:405866ms step_avg:405.87ms
step:1000/20000 val_loss:2.3875 val_bpb:1.4140 train_time:405867ms step_avg:405.87ms
step:1100/20000 train_loss:2.4017 train_time:446830ms step_avg:406.21ms
step:1200/20000 train_loss:2.3256 train_time:487464ms step_avg:406.22ms
step:1300/20000 train_loss:2.3063 train_time:527942ms step_avg:406.11ms
swa:start step:1350
step:1400/20000 train_loss:2.4008 train_time:572577ms step_avg:408.98ms
step:1451/20000 val_loss:2.2560 val_bpb:1.3361 train_time:604977ms step_avg:416.94ms
stopping_early: wallclock_cap train_time:604977ms step:1451/20000
peak memory allocated: 5114 MiB reserved: 5332 MiB
swa:applying averaged 3 checkpoints
Serialized model: 98437419 bytes
Code size: 52927 bytes
Total submission size: 98490346 bytes
Serialized model int6+zstd: 15849757 bytes
Total submission size int8+zlib: 15902684 bytes
final_eval_mode:standard
final_int8_zlib_roundtrip val_loss:2.2649 val_bpb:1.3414 eval_time:32056ms
final_int8_zlib_roundtrip_exact val_loss:2.26487420 val_bpb:1.34138607
