/zhaokunxiang/miniconda3/lib/python3.13/site-packages/torch/cuda/__init__.py:63: FutureWarning: The pynvml package is deprecated. Please install nvidia-ml-py instead. If you did not install pynvml directly, please report this to the maintainers of the package that installed pynvml for you.
  import pynvml  # type: ignore[import]
/zhaokunxiang/miniconda3/lib/python3.13/site-packages/torch/cuda/__init__.py:63: FutureWarning: The pynvml package is deprecated. Please install nvidia-ml-py instead. If you did not install pynvml directly, please report this to the maintainers of the package that installed pynvml for you.
  import pynvml  # type: ignore[import]
logs/stage1_exp_191435.txt
val_bpb:enabled tokenizer_kind=sentencepiece tokenizer_path=./data/tokenizers/fineweb_1024_bpe.model
train_loader:dataset:fineweb10B_sp1024 train_shards:80
val_loader:shards pattern=./data/datasets/fineweb10B_sp1024/fineweb_val_*.bin tokens:62021632
model_params:25517137
world_size:1 grad_accum_steps:8
attention_mode:gqa num_heads:8 num_kv_heads:4
tie_embeddings:True embed_lr:0.03 matrix_lr:0.02 scalar_lr:0.02
train_batch_tokens:196608 train_seq_len:2048 iterations:20000 warmup_steps:30 max_wallclock_seconds:600.000
seed:42
warmup_step:10/30
warmup_step:20/30
warmup_step:30/30
step:0/20000 val_loss:6.9323 val_bpb:4.1057 train_time:0ms step_avg:0.02ms
step:1/20000 train_loss:6.9344 train_time:472ms step_avg:471.58ms
step:2/20000 train_loss:8.3143 train_time:874ms step_avg:437.11ms
step:3/20000 train_loss:7.8336 train_time:1277ms step_avg:425.79ms
step:4/20000 train_loss:7.0976 train_time:1681ms step_avg:420.21ms
step:5/20000 train_loss:6.8083 train_time:2085ms step_avg:417.04ms
step:6/20000 train_loss:6.5725 train_time:2490ms step_avg:414.94ms
step:7/20000 train_loss:6.5489 train_time:2893ms step_avg:413.34ms
step:8/20000 train_loss:6.5319 train_time:3297ms step_avg:412.17ms
step:9/20000 train_loss:6.5024 train_time:3702ms step_avg:411.28ms
step:10/20000 train_loss:6.2862 train_time:4106ms step_avg:410.56ms
step:100/20000 train_loss:3.2913 train_time:40626ms step_avg:406.26ms
step:200/20000 train_loss:2.9465 train_time:81470ms step_avg:407.35ms
step:300/20000 train_loss:2.6162 train_time:121961ms step_avg:406.54ms
step:400/20000 train_loss:2.5940 train_time:162361ms step_avg:405.90ms
step:500/20000 train_loss:2.5347 train_time:202955ms step_avg:405.91ms
step:500/20000 val_loss:2.5221 val_bpb:1.4937 train_time:202955ms step_avg:405.91ms
step:600/20000 train_loss:2.4516 train_time:243967ms step_avg:406.61ms
step:700/20000 train_loss:2.4648 train_time:284706ms step_avg:406.72ms
step:800/20000 train_loss:2.3933 train_time:325531ms step_avg:406.91ms
step:900/20000 train_loss:2.4276 train_time:366055ms step_avg:406.73ms
step:1000/20000 train_loss:2.4846 train_time:406867ms step_avg:406.87ms
step:1000/20000 val_loss:2.3773 val_bpb:1.4080 train_time:406868ms step_avg:406.87ms
step:1100/20000 train_loss:2.3915 train_time:447581ms step_avg:406.89ms
step:1200/20000 train_loss:2.2984 train_time:488241ms step_avg:406.87ms
step:1300/20000 train_loss:2.2743 train_time:529074ms step_avg:406.98ms
swa:start step:1350
step:1400/20000 train_loss:2.3617 train_time:575533ms step_avg:411.09ms
step:1447/20000 val_loss:2.2202 val_bpb:1.3149 train_time:600240ms step_avg:414.82ms
stopping_early: wallclock_cap train_time:600240ms step:1447/20000
peak memory allocated: 5114 MiB reserved: 5330 MiB
swa:applying averaged 2 checkpoints
Serialized model: 98437419 bytes
Code size: 52927 bytes
Total submission size: 98490346 bytes
Serialized model int6+zstd: 15798639 bytes
Total submission size int8+zlib: 15851566 bytes
final_eval_mode:standard
final_int8_zlib_roundtrip val_loss:2.2333 val_bpb:1.3227 eval_time:32136ms
final_int8_zlib_roundtrip_exact val_loss:2.23334002 val_bpb:1.32270976
