/zhaokunxiang/miniconda3/lib/python3.13/site-packages/torch/cuda/__init__.py:63: FutureWarning: The pynvml package is deprecated. Please install nvidia-ml-py instead. If you did not install pynvml directly, please report this to the maintainers of the package that installed pynvml for you.
  import pynvml  # type: ignore[import]
/zhaokunxiang/miniconda3/lib/python3.13/site-packages/torch/cuda/__init__.py:63: FutureWarning: The pynvml package is deprecated. Please install nvidia-ml-py instead. If you did not install pynvml directly, please report this to the maintainers of the package that installed pynvml for you.
  import pynvml  # type: ignore[import]
logs/stage1_exp_212706.txt
val_bpb:enabled tokenizer_kind=sentencepiece tokenizer_path=./data/tokenizers/fineweb_1024_bpe.model
train_loader:dataset:fineweb10B_sp1024 train_shards:80
val_loader:shards pattern=./data/datasets/fineweb10B_sp1024/fineweb_val_*.bin tokens:62021632
model_params:25517137
world_size:1 grad_accum_steps:8
attention_mode:gqa num_heads:8 num_kv_heads:4
tie_embeddings:True embed_lr:0.03 matrix_lr:0.02 scalar_lr:0.02
train_batch_tokens:196608 train_seq_len:2048 iterations:20000 warmup_steps:30 max_wallclock_seconds:600.000
seed:42
warmup_step:10/30
warmup_step:20/30
warmup_step:30/30
step:0/20000 val_loss:6.9323 val_bpb:4.1057 train_time:0ms step_avg:0.02ms
step:1/20000 train_loss:6.9344 train_time:484ms step_avg:483.90ms
step:2/20000 train_loss:8.3143 train_time:888ms step_avg:443.99ms
step:3/20000 train_loss:7.8337 train_time:1291ms step_avg:430.42ms
step:4/20000 train_loss:7.0976 train_time:1696ms step_avg:423.93ms
step:5/20000 train_loss:6.8083 train_time:2100ms step_avg:419.98ms
step:6/20000 train_loss:6.5725 train_time:2504ms step_avg:417.36ms
step:7/20000 train_loss:6.5491 train_time:2908ms step_avg:415.44ms
step:8/20000 train_loss:6.5334 train_time:3312ms step_avg:413.94ms
step:9/20000 train_loss:6.5029 train_time:3716ms step_avg:412.86ms
step:10/20000 train_loss:6.2858 train_time:4120ms step_avg:412.03ms
step:100/20000 train_loss:3.2879 train_time:40680ms step_avg:406.80ms
step:200/20000 train_loss:2.9466 train_time:81211ms step_avg:406.06ms
step:300/20000 train_loss:2.6159 train_time:121576ms step_avg:405.25ms
step:400/20000 train_loss:2.6001 train_time:161971ms step_avg:404.93ms
step:500/20000 train_loss:2.5353 train_time:202375ms step_avg:404.75ms
step:500/20000 val_loss:2.5217 val_bpb:1.4935 train_time:202375ms step_avg:404.75ms
step:600/20000 train_loss:2.4514 train_time:242813ms step_avg:404.69ms
step:700/20000 train_loss:2.4624 train_time:283199ms step_avg:404.57ms
step:800/20000 train_loss:2.3900 train_time:323572ms step_avg:404.46ms
step:900/20000 train_loss:2.4256 train_time:363944ms step_avg:404.38ms
step:1000/20000 train_loss:2.4842 train_time:404341ms step_avg:404.34ms
step:1000/20000 val_loss:2.3765 val_bpb:1.4075 train_time:404342ms step_avg:404.34ms
step:1100/20000 train_loss:2.3935 train_time:445156ms step_avg:404.69ms
step:1200/20000 train_loss:2.2999 train_time:485607ms step_avg:404.67ms
step:1300/20000 train_loss:2.2768 train_time:526049ms step_avg:404.65ms
swa:start step:1350
step:1400/20000 train_loss:2.3646 train_time:573228ms step_avg:409.45ms
step:1451/20000 val_loss:2.2201 val_bpb:1.3148 train_time:606327ms step_avg:417.87ms
stopping_early: wallclock_cap train_time:606327ms step:1451/20000
peak memory allocated: 5114 MiB reserved: 5330 MiB
swa:applying averaged 3 checkpoints
Serialized model: 98437419 bytes
Code size: 52927 bytes
Total submission size: 98490346 bytes
Serialized model int6+zstd: 15915970 bytes
Total submission size int8+zlib: 15968897 bytes
final_eval_mode:standard
final_int8_zlib_roundtrip val_loss:2.2273 val_bpb:1.3191 eval_time:32088ms
final_int8_zlib_roundtrip_exact val_loss:2.22732929 val_bpb:1.31914987
