/zhaokunxiang/miniconda3/lib/python3.13/site-packages/torch/cuda/__init__.py:63: FutureWarning: The pynvml package is deprecated. Please install nvidia-ml-py instead. If you did not install pynvml directly, please report this to the maintainers of the package that installed pynvml for you.
  import pynvml  # type: ignore[import]
/zhaokunxiang/miniconda3/lib/python3.13/site-packages/torch/cuda/__init__.py:63: FutureWarning: The pynvml package is deprecated. Please install nvidia-ml-py instead. If you did not install pynvml directly, please report this to the maintainers of the package that installed pynvml for you.
  import pynvml  # type: ignore[import]
logs/stage1_exp5_lr03.txt
val_bpb:enabled tokenizer_kind=sentencepiece tokenizer_path=./data/tokenizers/fineweb_1024_bpe.model
train_loader:dataset:fineweb10B_sp1024 train_shards:80
val_loader:shards pattern=./data/datasets/fineweb10B_sp1024/fineweb_val_*.bin tokens:62021632
model_params:25517137
world_size:1 grad_accum_steps:8
attention_mode:gqa num_heads:8 num_kv_heads:4
tie_embeddings:True embed_lr:0.03 matrix_lr:0.03 scalar_lr:0.03
train_batch_tokens:196608 train_seq_len:2048 iterations:20000 warmup_steps:20 max_wallclock_seconds:600.000
seed:42
warmup_step:1/20
warmup_step:2/20
warmup_step:3/20
warmup_step:4/20
warmup_step:5/20
warmup_step:6/20
warmup_step:7/20
warmup_step:8/20
warmup_step:9/20
warmup_step:10/20
warmup_step:11/20
warmup_step:12/20
warmup_step:13/20
warmup_step:14/20
warmup_step:15/20
warmup_step:16/20
warmup_step:17/20
warmup_step:18/20
warmup_step:19/20
warmup_step:20/20
step:0/20000 val_loss:6.9323 val_bpb:4.1057 train_time:0ms step_avg:0.04ms
step:1/20000 train_loss:6.9344 train_time:951ms step_avg:950.51ms
step:2/20000 train_loss:8.0228 train_time:1395ms step_avg:697.45ms
step:3/20000 train_loss:7.3401 train_time:1835ms step_avg:611.59ms
step:4/20000 train_loss:6.9291 train_time:2280ms step_avg:570.01ms
step:5/20000 train_loss:6.7953 train_time:2738ms step_avg:547.54ms
step:6/20000 train_loss:6.8236 train_time:3187ms step_avg:531.25ms
step:7/20000 train_loss:6.8233 train_time:3640ms step_avg:519.95ms
step:8/20000 train_loss:6.6447 train_time:4076ms step_avg:509.50ms
step:9/20000 train_loss:6.4608 train_time:4531ms step_avg:503.48ms
step:10/20000 train_loss:6.2145 train_time:4972ms step_avg:497.19ms
step:100/20000 train_loss:3.2848 train_time:44484ms step_avg:444.84ms
step:200/20000 train_loss:2.9896 train_time:88144ms step_avg:440.72ms
step:300/20000 train_loss:2.6656 train_time:131706ms step_avg:439.02ms
step:400/20000 train_loss:2.6454 train_time:175273ms step_avg:438.18ms
step:500/20000 train_loss:2.5844 train_time:218733ms step_avg:437.47ms
step:500/20000 val_loss:2.5709 val_bpb:1.5226 train_time:218738ms step_avg:437.48ms
step:600/20000 train_loss:2.5066 train_time:262533ms step_avg:437.55ms
step:700/20000 train_loss:2.5148 train_time:305168ms step_avg:435.95ms
step:800/20000 train_loss:2.4416 train_time:348598ms step_avg:435.75ms
step:900/20000 train_loss:2.4688 train_time:391601ms step_avg:435.11ms
step:1000/20000 train_loss:2.5292 train_time:434494ms step_avg:434.49ms
step:1000/20000 val_loss:2.4216 val_bpb:1.4342 train_time:434529ms step_avg:434.53ms
step:1100/20000 train_loss:2.4379 train_time:479259ms step_avg:435.69ms
step:1200/20000 train_loss:2.3509 train_time:522949ms step_avg:435.79ms
swa:start step:1300
step:1300/20000 train_loss:2.3140 train_time:567078ms step_avg:436.21ms
step:1335/20000 val_loss:2.3017 val_bpb:1.3632 train_time:600037ms step_avg:449.47ms
stopping_early: wallclock_cap train_time:600037ms step:1335/20000
peak memory allocated: 5114 MiB reserved: 5356 MiB
Serialized model: 98437419 bytes
Code size: 52927 bytes
Total submission size: 98490346 bytes
Serialized model int6+zstd: 15974725 bytes
Total submission size int8+zlib: 16027652 bytes
final_eval_mode:standard
final_int8_zlib_roundtrip val_loss:2.3105 val_bpb:1.3684 eval_time:32375ms
final_int8_zlib_roundtrip_exact val_loss:2.31045240 val_bpb:1.36838005
