/zhaokunxiang/miniconda3/lib/python3.13/site-packages/torch/cuda/__init__.py:63: FutureWarning: The pynvml package is deprecated. Please install nvidia-ml-py instead. If you did not install pynvml directly, please report this to the maintainers of the package that installed pynvml for you.
  import pynvml  # type: ignore[import]
/zhaokunxiang/miniconda3/lib/python3.13/site-packages/torch/cuda/__init__.py:63: FutureWarning: The pynvml package is deprecated. Please install nvidia-ml-py instead. If you did not install pynvml directly, please report this to the maintainers of the package that installed pynvml for you.
  import pynvml  # type: ignore[import]
logs/stage1_exp8_wd400.txt
val_bpb:enabled tokenizer_kind=sentencepiece tokenizer_path=./data/tokenizers/fineweb_1024_bpe.model
train_loader:dataset:fineweb10B_sp1024 train_shards:80
val_loader:shards pattern=./data/datasets/fineweb10B_sp1024/fineweb_val_*.bin tokens:62021632
model_params:25517137
world_size:1 grad_accum_steps:8
attention_mode:gqa num_heads:8 num_kv_heads:4
tie_embeddings:True embed_lr:0.03 matrix_lr:0.02 scalar_lr:0.02
train_batch_tokens:196608 train_seq_len:2048 iterations:20000 warmup_steps:20 max_wallclock_seconds:600.000
seed:42
warmup_step:1/20
warmup_step:2/20
warmup_step:3/20
warmup_step:4/20
warmup_step:5/20
warmup_step:6/20
warmup_step:7/20
warmup_step:8/20
warmup_step:9/20
warmup_step:10/20
warmup_step:11/20
warmup_step:12/20
warmup_step:13/20
warmup_step:14/20
warmup_step:15/20
warmup_step:16/20
warmup_step:17/20
warmup_step:18/20
warmup_step:19/20
warmup_step:20/20
step:0/20000 val_loss:6.9323 val_bpb:4.1057 train_time:0ms step_avg:0.03ms
step:1/20000 train_loss:6.9344 train_time:1318ms step_avg:1318.27ms
step:2/20000 train_loss:8.3143 train_time:1756ms step_avg:877.78ms
step:3/20000 train_loss:7.8349 train_time:2196ms step_avg:731.97ms
step:4/20000 train_loss:7.0987 train_time:2631ms step_avg:657.64ms
step:5/20000 train_loss:6.8080 train_time:3067ms step_avg:613.48ms
step:6/20000 train_loss:6.5720 train_time:3506ms step_avg:584.33ms
step:7/20000 train_loss:6.5497 train_time:3941ms step_avg:562.97ms
step:8/20000 train_loss:6.5294 train_time:4383ms step_avg:547.84ms
step:9/20000 train_loss:6.4980 train_time:4815ms step_avg:534.97ms
step:10/20000 train_loss:6.2883 train_time:5253ms step_avg:525.32ms
step:100/20000 train_loss:3.2874 train_time:44037ms step_avg:440.37ms
step:200/20000 train_loss:3.0180 train_time:87177ms step_avg:435.88ms
step:300/20000 train_loss:2.6664 train_time:130363ms step_avg:434.54ms
step:400/20000 train_loss:2.6303 train_time:173561ms step_avg:433.90ms
step:500/20000 train_loss:2.5601 train_time:216670ms step_avg:433.34ms
step:500/20000 val_loss:2.5497 val_bpb:1.5101 train_time:216696ms step_avg:433.39ms
step:600/20000 train_loss:2.4868 train_time:260453ms step_avg:434.09ms
step:700/20000 train_loss:2.4911 train_time:303353ms step_avg:433.36ms
step:800/20000 train_loss:2.4145 train_time:346237ms step_avg:432.80ms
step:900/20000 train_loss:2.4445 train_time:389064ms step_avg:432.29ms
step:1000/20000 train_loss:2.4980 train_time:432104ms step_avg:432.10ms
step:1000/20000 val_loss:2.3921 val_bpb:1.4168 train_time:432119ms step_avg:432.12ms
step:1100/20000 train_loss:2.3900 train_time:475829ms step_avg:432.57ms
step:1200/20000 train_loss:2.3034 train_time:518608ms step_avg:432.17ms
swa:start step:1250
step:1300/20000 train_loss:2.2775 train_time:578373ms step_avg:444.90ms
step:1312/20000 val_loss:2.2798 val_bpb:1.3502 train_time:600140ms step_avg:457.42ms
stopping_early: wallclock_cap train_time:600140ms step:1312/20000
peak memory allocated: 5114 MiB reserved: 5332 MiB
swa:applying averaged 2 checkpoints
Serialized model: 98437419 bytes
Code size: 52927 bytes
Total submission size: 98490346 bytes
Serialized model int6+zstd: 15898342 bytes
Total submission size int8+zlib: 15951269 bytes
final_eval_mode:standard
final_int8_zlib_roundtrip val_loss:2.2886 val_bpb:1.3555 eval_time:32440ms
final_int8_zlib_roundtrip_exact val_loss:2.28864035 val_bpb:1.35546173
