/zhaokunxiang/miniconda3/lib/python3.13/site-packages/torch/cuda/__init__.py:63: FutureWarning: The pynvml package is deprecated. Please install nvidia-ml-py instead. If you did not install pynvml directly, please report this to the maintainers of the package that installed pynvml for you.
  import pynvml  # type: ignore[import]
/zhaokunxiang/miniconda3/lib/python3.13/site-packages/torch/cuda/__init__.py:63: FutureWarning: The pynvml package is deprecated. Please install nvidia-ml-py instead. If you did not install pynvml directly, please report this to the maintainers of the package that installed pynvml for you.
  import pynvml  # type: ignore[import]
logs/stage1_exp2_batch131k.txt
val_bpb:enabled tokenizer_kind=sentencepiece tokenizer_path=./data/tokenizers/fineweb_1024_bpe.model
train_loader:dataset:fineweb10B_sp1024 train_shards:80
val_loader:shards pattern=./data/datasets/fineweb10B_sp1024/fineweb_val_*.bin tokens:62021632
model_params:25517137
world_size:1 grad_accum_steps:8
attention_mode:gqa num_heads:8 num_kv_heads:4
tie_embeddings:True embed_lr:0.03 matrix_lr:0.02 scalar_lr:0.02
train_batch_tokens:131072 train_seq_len:2048 iterations:20000 warmup_steps:20 max_wallclock_seconds:600.000
seed:42
warmup_step:1/20
warmup_step:2/20
warmup_step:3/20
warmup_step:4/20
warmup_step:5/20
warmup_step:6/20
warmup_step:7/20
warmup_step:8/20
warmup_step:9/20
warmup_step:10/20
warmup_step:11/20
warmup_step:12/20
warmup_step:13/20
warmup_step:14/20
warmup_step:15/20
warmup_step:16/20
warmup_step:17/20
warmup_step:18/20
warmup_step:19/20
warmup_step:20/20
step:0/20000 val_loss:6.9323 val_bpb:4.1057 train_time:0ms step_avg:0.04ms
step:1/20000 train_loss:6.9346 train_time:688ms step_avg:688.14ms
step:2/20000 train_loss:8.3336 train_time:1015ms step_avg:507.30ms
step:3/20000 train_loss:7.8973 train_time:1352ms step_avg:450.74ms
step:4/20000 train_loss:7.1157 train_time:1681ms step_avg:420.26ms
step:5/20000 train_loss:6.8049 train_time:2004ms step_avg:400.76ms
step:6/20000 train_loss:6.5709 train_time:2333ms step_avg:388.92ms
step:7/20000 train_loss:6.5237 train_time:2665ms step_avg:380.72ms
step:8/20000 train_loss:6.6149 train_time:2990ms step_avg:373.76ms
step:9/20000 train_loss:6.4630 train_time:3325ms step_avg:369.47ms
step:10/20000 train_loss:6.3093 train_time:3654ms step_avg:365.40ms
step:100/20000 train_loss:3.5728 train_time:33288ms step_avg:332.88ms
step:200/20000 train_loss:3.0839 train_time:66821ms step_avg:334.11ms
step:300/20000 train_loss:2.8464 train_time:100070ms step_avg:333.57ms
step:400/20000 train_loss:2.7664 train_time:133660ms step_avg:334.15ms
step:500/20000 train_loss:2.6763 train_time:167231ms step_avg:334.46ms
step:500/20000 val_loss:2.6294 val_bpb:1.5573 train_time:167238ms step_avg:334.48ms
step:600/20000 train_loss:2.6158 train_time:200752ms step_avg:334.59ms
step:700/20000 train_loss:2.3756 train_time:234119ms step_avg:334.46ms
step:800/20000 train_loss:2.5076 train_time:267208ms step_avg:334.01ms
step:900/20000 train_loss:2.4961 train_time:300091ms step_avg:333.43ms
step:1000/20000 train_loss:2.4389 train_time:333558ms step_avg:333.56ms
step:1000/20000 val_loss:2.4541 val_bpb:1.4534 train_time:333569ms step_avg:333.57ms
step:1100/20000 train_loss:2.4399 train_time:365817ms step_avg:332.56ms
step:1200/20000 train_loss:2.3880 train_time:398491ms step_avg:332.08ms
step:1300/20000 train_loss:2.4194 train_time:431185ms step_avg:331.68ms
step:1400/20000 train_loss:2.3770 train_time:464520ms step_avg:331.80ms
step:1500/20000 train_loss:2.3810 train_time:496818ms step_avg:331.21ms
step:1500/20000 val_loss:2.3926 val_bpb:1.4171 train_time:496831ms step_avg:331.22ms
step:1600/20000 train_loss:2.1886 train_time:529689ms step_avg:331.06ms
swa:start step:1700
step:1700/20000 train_loss:2.3023 train_time:562146ms step_avg:330.67ms
step:1751/20000 val_loss:2.2941 val_bpb:1.3587 train_time:613690ms step_avg:350.48ms
stopping_early: wallclock_cap train_time:613690ms step:1751/20000
peak memory allocated: 3570 MiB reserved: 4472 MiB
swa:applying averaged 2 checkpoints
Serialized model: 98437419 bytes
Code size: 52927 bytes
Total submission size: 98490346 bytes
Serialized model int6+zstd: 15930959 bytes
Total submission size int8+zlib: 15983886 bytes
final_eval_mode:standard
final_int8_zlib_roundtrip val_loss:2.3046 val_bpb:1.3649 eval_time:32384ms
final_int8_zlib_roundtrip_exact val_loss:2.30456081 val_bpb:1.36489072
