/zhaokunxiang/miniconda3/lib/python3.13/site-packages/torch/cuda/__init__.py:63: FutureWarning: The pynvml package is deprecated. Please install nvidia-ml-py instead. If you did not install pynvml directly, please report this to the maintainers of the package that installed pynvml for you.
  import pynvml  # type: ignore[import]
/zhaokunxiang/miniconda3/lib/python3.13/site-packages/torch/cuda/__init__.py:63: FutureWarning: The pynvml package is deprecated. Please install nvidia-ml-py instead. If you did not install pynvml directly, please report this to the maintainers of the package that installed pynvml for you.
  import pynvml  # type: ignore[import]
logs/stage1_exp_135008.txt
val_bpb:enabled tokenizer_kind=sentencepiece tokenizer_path=./data/tokenizers/fineweb_1024_bpe.model
train_loader:dataset:fineweb10B_sp1024 train_shards:80
val_loader:shards pattern=./data/datasets/fineweb10B_sp1024/fineweb_val_*.bin tokens:62021632
model_params:25517137
world_size:1 grad_accum_steps:8
attention_mode:gqa num_heads:8 num_kv_heads:4
tie_embeddings:True embed_lr:0.03 matrix_lr:0.02 scalar_lr:0.02
train_batch_tokens:524288 train_seq_len:2048 iterations:20000 warmup_steps:20 max_wallclock_seconds:600.000
seed:42
warmup_step:1/20
warmup_step:2/20
warmup_step:3/20
warmup_step:4/20
warmup_step:5/20
warmup_step:6/20
warmup_step:7/20
warmup_step:8/20
warmup_step:9/20
warmup_step:10/20
warmup_step:11/20
warmup_step:12/20
warmup_step:13/20
warmup_step:14/20
warmup_step:15/20
warmup_step:16/20
warmup_step:17/20
warmup_step:18/20
warmup_step:19/20
warmup_step:20/20
step:0/20000 val_loss:6.9323 val_bpb:4.1057 train_time:0ms step_avg:0.02ms
step:1/20000 train_loss:6.9335 train_time:1504ms step_avg:1503.74ms
step:2/20000 train_loss:8.2018 train_time:3249ms step_avg:1624.67ms
step:3/20000 train_loss:7.6867 train_time:4642ms step_avg:1547.43ms
step:4/20000 train_loss:7.0356 train_time:6157ms step_avg:1539.25ms
step:5/20000 train_loss:6.7241 train_time:7757ms step_avg:1551.37ms
step:6/20000 train_loss:6.6158 train_time:9355ms step_avg:1559.19ms
step:7/20000 train_loss:6.4261 train_time:10799ms step_avg:1542.68ms
step:8/20000 train_loss:6.4472 train_time:12256ms step_avg:1532.04ms
step:9/20000 train_loss:6.3418 train_time:13543ms step_avg:1504.77ms
step:10/20000 train_loss:6.1415 train_time:15062ms step_avg:1506.23ms
step:100/20000 train_loss:3.1630 train_time:146342ms step_avg:1463.42ms
step:200/20000 train_loss:2.6759 train_time:294151ms step_avg:1470.75ms
swa:start step:300
step:300/20000 train_loss:2.5083 train_time:440157ms step_avg:1467.19ms
step:400/20000 train_loss:2.3089 train_time:599565ms step_avg:1498.91ms
step:401/20000 val_loss:2.4607 val_bpb:1.4574 train_time:606655ms step_avg:1512.85ms
stopping_early: wallclock_cap train_time:606655ms step:401/20000
peak memory allocated: 12884 MiB reserved: 12988 MiB
swa:applying averaged 3 checkpoints
Serialized model: 98437419 bytes
Code size: 52927 bytes
Total submission size: 98490346 bytes
Serialized model int6+zstd: 15487329 bytes
Total submission size int8+zlib: 15540256 bytes
final_eval_mode:standard
final_int8_zlib_roundtrip val_loss:2.4800 val_bpb:1.4688 eval_time:32269ms
final_int8_zlib_roundtrip_exact val_loss:2.48003338 val_bpb:1.46881546
