/zhaokunxiang/miniconda3/lib/python3.13/site-packages/torch/cuda/__init__.py:63: FutureWarning: The pynvml package is deprecated. Please install nvidia-ml-py instead. If you did not install pynvml directly, please report this to the maintainers of the package that installed pynvml for you.
  import pynvml  # type: ignore[import]
/zhaokunxiang/miniconda3/lib/python3.13/site-packages/torch/cuda/__init__.py:63: FutureWarning: The pynvml package is deprecated. Please install nvidia-ml-py instead. If you did not install pynvml directly, please report this to the maintainers of the package that installed pynvml for you.
  import pynvml  # type: ignore[import]
logs/stage1_exp_204950.txt
val_bpb:enabled tokenizer_kind=sentencepiece tokenizer_path=./data/tokenizers/fineweb_1024_bpe.model
train_loader:dataset:fineweb10B_sp1024 train_shards:80
val_loader:shards pattern=./data/datasets/fineweb10B_sp1024/fineweb_val_*.bin tokens:62021632
model_params:25517137
world_size:1 grad_accum_steps:8
attention_mode:gqa num_heads:8 num_kv_heads:4
tie_embeddings:True embed_lr:0.025 matrix_lr:0.02 scalar_lr:0.02
train_batch_tokens:196608 train_seq_len:2048 iterations:20000 warmup_steps:30 max_wallclock_seconds:600.000
seed:42
warmup_step:10/30
warmup_step:20/30
warmup_step:30/30
step:0/20000 val_loss:6.9323 val_bpb:4.1057 train_time:0ms step_avg:0.02ms
step:1/20000 train_loss:6.9344 train_time:488ms step_avg:488.33ms
step:2/20000 train_loss:7.4222 train_time:891ms step_avg:445.72ms
step:3/20000 train_loss:7.0763 train_time:1295ms step_avg:431.83ms
step:4/20000 train_loss:6.6343 train_time:1699ms step_avg:424.78ms
step:5/20000 train_loss:6.5038 train_time:2104ms step_avg:420.77ms
step:6/20000 train_loss:6.5233 train_time:2508ms step_avg:417.94ms
step:7/20000 train_loss:6.4719 train_time:2912ms step_avg:416.02ms
step:8/20000 train_loss:6.2849 train_time:3316ms step_avg:414.53ms
step:9/20000 train_loss:6.2479 train_time:3720ms step_avg:413.33ms
step:10/20000 train_loss:6.1017 train_time:4126ms step_avg:412.65ms
step:100/20000 train_loss:3.2798 train_time:40738ms step_avg:407.38ms
step:200/20000 train_loss:2.9479 train_time:81183ms step_avg:405.91ms
step:300/20000 train_loss:2.6148 train_time:121587ms step_avg:405.29ms
step:400/20000 train_loss:2.5999 train_time:161987ms step_avg:404.97ms
step:500/20000 train_loss:2.5337 train_time:202394ms step_avg:404.79ms
step:500/20000 val_loss:2.5235 val_bpb:1.4946 train_time:202394ms step_avg:404.79ms
step:600/20000 train_loss:2.4597 train_time:242889ms step_avg:404.82ms
step:700/20000 train_loss:2.4696 train_time:283305ms step_avg:404.72ms
step:800/20000 train_loss:2.3986 train_time:323725ms step_avg:404.66ms
step:900/20000 train_loss:2.4316 train_time:364150ms step_avg:404.61ms
step:1000/20000 train_loss:2.4865 train_time:404560ms step_avg:404.56ms
step:1000/20000 val_loss:2.3851 val_bpb:1.4126 train_time:404561ms step_avg:404.56ms
step:1100/20000 train_loss:2.3984 train_time:445122ms step_avg:404.66ms
step:1200/20000 train_loss:2.3102 train_time:485530ms step_avg:404.61ms
step:1300/20000 train_loss:2.2837 train_time:525954ms step_avg:404.58ms
swa:start step:1350
step:1400/20000 train_loss:2.3679 train_time:572362ms step_avg:408.83ms
step:1451/20000 val_loss:2.2256 val_bpb:1.3181 train_time:604313ms step_avg:416.48ms
stopping_early: wallclock_cap train_time:604313ms step:1451/20000
peak memory allocated: 5114 MiB reserved: 5330 MiB
swa:applying averaged 3 checkpoints
Serialized model: 98437419 bytes
Code size: 52928 bytes
Total submission size: 98490347 bytes
Serialized model int6+zstd: 15977703 bytes
Total submission size int8+zlib: 16030631 bytes
final_eval_mode:standard
final_int8_zlib_roundtrip val_loss:2.2341 val_bpb:1.3231 eval_time:32075ms
final_int8_zlib_roundtrip_exact val_loss:2.23406043 val_bpb:1.32313642
