/zhaokunxiang/miniconda3/lib/python3.13/site-packages/torch/cuda/__init__.py:63: FutureWarning: The pynvml package is deprecated. Please install nvidia-ml-py instead. If you did not install pynvml directly, please report this to the maintainers of the package that installed pynvml for you.
  import pynvml  # type: ignore[import]
/zhaokunxiang/miniconda3/lib/python3.13/site-packages/torch/cuda/__init__.py:63: FutureWarning: The pynvml package is deprecated. Please install nvidia-ml-py instead. If you did not install pynvml directly, please report this to the maintainers of the package that installed pynvml for you.
  import pynvml  # type: ignore[import]
logs/stage1_exp_163733.txt
val_bpb:enabled tokenizer_kind=sentencepiece tokenizer_path=./data/tokenizers/fineweb_1024_bpe.model
train_loader:dataset:fineweb10B_sp1024 train_shards:80
val_loader:shards pattern=./data/datasets/fineweb10B_sp1024/fineweb_val_*.bin tokens:62021632
model_params:25517137
world_size:1 grad_accum_steps:8
attention_mode:gqa num_heads:8 num_kv_heads:4
tie_embeddings:True embed_lr:0.03 matrix_lr:0.02 scalar_lr:0.02
train_batch_tokens:196608 train_seq_len:2048 iterations:20000 warmup_steps:30 max_wallclock_seconds:600.000
seed:42
warmup_step:10/30
warmup_step:20/30
warmup_step:30/30
step:0/20000 val_loss:6.9323 val_bpb:4.1057 train_time:0ms step_avg:0.02ms
step:1/20000 train_loss:6.9344 train_time:499ms step_avg:499.30ms
step:2/20000 train_loss:8.3143 train_time:902ms step_avg:451.20ms
step:3/20000 train_loss:7.8336 train_time:1305ms step_avg:435.17ms
step:4/20000 train_loss:7.0976 train_time:1710ms step_avg:427.41ms
step:5/20000 train_loss:6.8082 train_time:2112ms step_avg:422.38ms
step:6/20000 train_loss:6.5725 train_time:2516ms step_avg:419.37ms
step:7/20000 train_loss:6.5489 train_time:2920ms step_avg:417.20ms
step:8/20000 train_loss:6.5318 train_time:3324ms step_avg:415.55ms
step:9/20000 train_loss:6.5025 train_time:3727ms step_avg:414.06ms
step:10/20000 train_loss:6.2867 train_time:4130ms step_avg:412.97ms
step:100/20000 train_loss:3.2873 train_time:40581ms step_avg:405.81ms
step:200/20000 train_loss:2.9470 train_time:81064ms step_avg:405.32ms
step:300/20000 train_loss:2.6112 train_time:121532ms step_avg:405.11ms
step:400/20000 train_loss:2.6011 train_time:161986ms step_avg:404.97ms
step:500/20000 train_loss:2.5293 train_time:202465ms step_avg:404.93ms
step:500/20000 val_loss:2.5181 val_bpb:1.4914 train_time:202465ms step_avg:404.93ms
step:600/20000 train_loss:2.4584 train_time:243083ms step_avg:405.14ms
step:700/20000 train_loss:2.4614 train_time:283534ms step_avg:405.05ms
step:800/20000 train_loss:2.3918 train_time:323991ms step_avg:404.99ms
step:900/20000 train_loss:2.4287 train_time:364463ms step_avg:404.96ms
step:1000/20000 train_loss:2.4836 train_time:404927ms step_avg:404.93ms
step:1000/20000 val_loss:2.3772 val_bpb:1.4079 train_time:404928ms step_avg:404.93ms
step:1100/20000 train_loss:2.3920 train_time:445639ms step_avg:405.13ms
step:1200/20000 train_loss:2.3011 train_time:486145ms step_avg:405.12ms
step:1300/20000 train_loss:2.2768 train_time:526599ms step_avg:405.08ms
swa:start step:1350
step:1400/20000 train_loss:2.3642 train_time:573127ms step_avg:409.38ms
step:1451/20000 val_loss:2.2197 val_bpb:1.3146 train_time:604935ms step_avg:416.91ms
stopping_early: wallclock_cap train_time:604935ms step:1451/20000
peak memory allocated: 5115 MiB reserved: 5336 MiB
swa:applying averaged 3 checkpoints
Serialized model: 98437419 bytes
Code size: 52927 bytes
Total submission size: 98490346 bytes
Serialized model int6+zstd: 15733892 bytes
Total submission size int8+zlib: 15786819 bytes
final_eval_mode:standard
final_int8_zlib_roundtrip val_loss:2.2269 val_bpb:1.3189 eval_time:32053ms
final_int8_zlib_roundtrip_exact val_loss:2.22694123 val_bpb:1.31892003
