/zhaokunxiang/miniconda3/lib/python3.13/site-packages/torch/cuda/__init__.py:63: FutureWarning: The pynvml package is deprecated. Please install nvidia-ml-py instead. If you did not install pynvml directly, please report this to the maintainers of the package that installed pynvml for you.
  import pynvml  # type: ignore[import]
/zhaokunxiang/miniconda3/lib/python3.13/site-packages/torch/cuda/__init__.py:63: FutureWarning: The pynvml package is deprecated. Please install nvidia-ml-py instead. If you did not install pynvml directly, please report this to the maintainers of the package that installed pynvml for you.
  import pynvml  # type: ignore[import]
logs/stage1_exp9_wd550.txt
val_bpb:enabled tokenizer_kind=sentencepiece tokenizer_path=./data/tokenizers/fineweb_1024_bpe.model
train_loader:dataset:fineweb10B_sp1024 train_shards:80
val_loader:shards pattern=./data/datasets/fineweb10B_sp1024/fineweb_val_*.bin tokens:62021632
model_params:25517137
world_size:1 grad_accum_steps:8
attention_mode:gqa num_heads:8 num_kv_heads:4
tie_embeddings:True embed_lr:0.03 matrix_lr:0.02 scalar_lr:0.02
train_batch_tokens:196608 train_seq_len:2048 iterations:20000 warmup_steps:20 max_wallclock_seconds:600.000
seed:42
warmup_step:1/20
warmup_step:2/20
warmup_step:3/20
warmup_step:4/20
warmup_step:5/20
warmup_step:6/20
warmup_step:7/20
warmup_step:8/20
warmup_step:9/20
warmup_step:10/20
warmup_step:11/20
warmup_step:12/20
warmup_step:13/20
warmup_step:14/20
warmup_step:15/20
warmup_step:16/20
warmup_step:17/20
warmup_step:18/20
warmup_step:19/20
warmup_step:20/20
step:0/20000 val_loss:6.9323 val_bpb:4.1057 train_time:0ms step_avg:0.02ms
step:1/20000 train_loss:6.9344 train_time:1069ms step_avg:1068.75ms
step:2/20000 train_loss:8.3143 train_time:1503ms step_avg:751.73ms
step:3/20000 train_loss:7.8349 train_time:1933ms step_avg:644.40ms
step:4/20000 train_loss:7.0987 train_time:2355ms step_avg:588.68ms
step:5/20000 train_loss:6.8081 train_time:2809ms step_avg:561.88ms
step:6/20000 train_loss:6.5718 train_time:3256ms step_avg:542.65ms
step:7/20000 train_loss:6.5495 train_time:3705ms step_avg:529.33ms
step:8/20000 train_loss:6.5308 train_time:4160ms step_avg:520.01ms
step:9/20000 train_loss:6.4987 train_time:4613ms step_avg:512.54ms
step:10/20000 train_loss:6.2876 train_time:5062ms step_avg:506.16ms
step:100/20000 train_loss:3.2868 train_time:44744ms step_avg:447.44ms
step:200/20000 train_loss:3.0157 train_time:88671ms step_avg:443.36ms
step:300/20000 train_loss:2.6653 train_time:132860ms step_avg:442.87ms
step:400/20000 train_loss:2.6308 train_time:176888ms step_avg:442.22ms
step:500/20000 train_loss:2.5612 train_time:219979ms step_avg:439.96ms
step:500/20000 val_loss:2.5490 val_bpb:1.5096 train_time:220012ms step_avg:440.02ms
step:600/20000 train_loss:2.4837 train_time:264620ms step_avg:441.03ms
step:700/20000 train_loss:2.4918 train_time:308221ms step_avg:440.32ms
step:800/20000 train_loss:2.4122 train_time:352159ms step_avg:440.20ms
step:900/20000 train_loss:2.4338 train_time:396330ms step_avg:440.37ms
step:1000/20000 train_loss:2.4709 train_time:439677ms step_avg:439.68ms
step:1000/20000 val_loss:2.3657 val_bpb:1.4011 train_time:439699ms step_avg:439.70ms
step:1100/20000 train_loss:2.3678 train_time:484202ms step_avg:440.18ms
swa:start step:1150
step:1200/20000 train_loss:2.2820 train_time:544429ms step_avg:453.69ms
step:1251/20000 val_loss:2.2807 val_bpb:1.3507 train_time:600987ms step_avg:480.40ms
stopping_early: wallclock_cap train_time:600987ms step:1251/20000
peak memory allocated: 5114 MiB reserved: 5328 MiB
swa:applying averaged 3 checkpoints
Serialized model: 98437419 bytes
Code size: 52927 bytes
Total submission size: 98490346 bytes
Serialized model int6+zstd: 15732825 bytes
Total submission size int8+zlib: 15785752 bytes
final_eval_mode:standard
final_int8_zlib_roundtrip val_loss:2.2902 val_bpb:1.3564 eval_time:32360ms
final_int8_zlib_roundtrip_exact val_loss:2.29018062 val_bpb:1.35637396
