/zhaokunxiang/miniconda3/lib/python3.13/site-packages/torch/cuda/__init__.py:63: FutureWarning: The pynvml package is deprecated. Please install nvidia-ml-py instead. If you did not install pynvml directly, please report this to the maintainers of the package that installed pynvml for you.
  import pynvml  # type: ignore[import]
/zhaokunxiang/miniconda3/lib/python3.13/site-packages/torch/cuda/__init__.py:63: FutureWarning: The pynvml package is deprecated. Please install nvidia-ml-py instead. If you did not install pynvml directly, please report this to the maintainers of the package that installed pynvml for you.
  import pynvml  # type: ignore[import]
logs/stage1_exp3_batch262k.txt
val_bpb:enabled tokenizer_kind=sentencepiece tokenizer_path=./data/tokenizers/fineweb_1024_bpe.model
train_loader:dataset:fineweb10B_sp1024 train_shards:80
val_loader:shards pattern=./data/datasets/fineweb10B_sp1024/fineweb_val_*.bin tokens:62021632
model_params:25517137
world_size:1 grad_accum_steps:8
attention_mode:gqa num_heads:8 num_kv_heads:4
tie_embeddings:True embed_lr:0.03 matrix_lr:0.02 scalar_lr:0.02
train_batch_tokens:262144 train_seq_len:2048 iterations:20000 warmup_steps:20 max_wallclock_seconds:600.000
seed:42
warmup_step:1/20
warmup_step:2/20
warmup_step:3/20
warmup_step:4/20
warmup_step:5/20
warmup_step:6/20
warmup_step:7/20
warmup_step:8/20
warmup_step:9/20
warmup_step:10/20
warmup_step:11/20
warmup_step:12/20
warmup_step:13/20
warmup_step:14/20
warmup_step:15/20
warmup_step:16/20
warmup_step:17/20
warmup_step:18/20
warmup_step:19/20
warmup_step:20/20
step:0/20000 val_loss:6.9323 val_bpb:4.1057 train_time:0ms step_avg:0.03ms
step:1/20000 train_loss:6.9338 train_time:3268ms step_avg:3267.61ms
step:2/20000 train_loss:8.2574 train_time:6165ms step_avg:3082.57ms
step:3/20000 train_loss:7.7811 train_time:8967ms step_avg:2988.96ms
step:4/20000 train_loss:7.0332 train_time:11853ms step_avg:2963.23ms
step:5/20000 train_loss:6.7732 train_time:14748ms step_avg:2949.61ms
step:6/20000 train_loss:6.6100 train_time:17655ms step_avg:2942.55ms
step:7/20000 train_loss:6.5428 train_time:20360ms step_avg:2908.54ms
step:8/20000 train_loss:6.4411 train_time:23250ms step_avg:2906.22ms
step:9/20000 train_loss:6.4297 train_time:26161ms step_avg:2906.81ms
step:10/20000 train_loss:6.2605 train_time:28958ms step_avg:2895.77ms
