/zhaokunxiang/miniconda3/lib/python3.13/site-packages/torch/cuda/__init__.py:63: FutureWarning: The pynvml package is deprecated. Please install nvidia-ml-py instead. If you did not install pynvml directly, please report this to the maintainers of the package that installed pynvml for you.
  import pynvml  # type: ignore[import]
/zhaokunxiang/miniconda3/lib/python3.13/site-packages/torch/cuda/__init__.py:63: FutureWarning: The pynvml package is deprecated. Please install nvidia-ml-py instead. If you did not install pynvml directly, please report this to the maintainers of the package that installed pynvml for you.
  import pynvml  # type: ignore[import]
logs/stage1_exp_214547.txt
val_bpb:enabled tokenizer_kind=sentencepiece tokenizer_path=./data/tokenizers/fineweb_1024_bpe.model
train_loader:dataset:fineweb10B_sp1024 train_shards:80
val_loader:shards pattern=./data/datasets/fineweb10B_sp1024/fineweb_val_*.bin tokens:62021632
model_params:25517137
world_size:1 grad_accum_steps:8
attention_mode:gqa num_heads:8 num_kv_heads:4
tie_embeddings:True embed_lr:0.03 matrix_lr:0.02 scalar_lr:0.02
train_batch_tokens:196608 train_seq_len:2048 iterations:20000 warmup_steps:30 max_wallclock_seconds:600.000
seed:42
warmup_step:10/30
warmup_step:20/30
warmup_step:30/30
step:0/20000 val_loss:6.9323 val_bpb:4.1057 train_time:0ms step_avg:0.02ms
step:1/20000 train_loss:6.9344 train_time:472ms step_avg:471.55ms
step:2/20000 train_loss:8.3143 train_time:874ms step_avg:437.20ms
step:3/20000 train_loss:7.8336 train_time:1279ms step_avg:426.26ms
step:4/20000 train_loss:7.0976 train_time:1683ms step_avg:420.66ms
step:5/20000 train_loss:6.8082 train_time:2087ms step_avg:417.38ms
step:6/20000 train_loss:6.5722 train_time:2491ms step_avg:415.13ms
step:7/20000 train_loss:6.5486 train_time:2895ms step_avg:413.51ms
step:8/20000 train_loss:6.5313 train_time:3299ms step_avg:412.34ms
step:9/20000 train_loss:6.5024 train_time:3703ms step_avg:411.49ms
step:10/20000 train_loss:6.2864 train_time:4107ms step_avg:410.71ms
step:100/20000 train_loss:3.2942 train_time:40503ms step_avg:405.03ms
step:200/20000 train_loss:2.9448 train_time:80954ms step_avg:404.77ms
step:300/20000 train_loss:2.6141 train_time:121366ms step_avg:404.55ms
step:400/20000 train_loss:2.5959 train_time:161770ms step_avg:404.43ms
step:500/20000 train_loss:2.5294 train_time:202171ms step_avg:404.34ms
step:500/20000 val_loss:2.5182 val_bpb:1.4914 train_time:202172ms step_avg:404.34ms
step:600/20000 train_loss:2.4492 train_time:242678ms step_avg:404.46ms
step:700/20000 train_loss:2.4606 train_time:283180ms step_avg:404.54ms
step:800/20000 train_loss:2.3936 train_time:323668ms step_avg:404.58ms
step:900/20000 train_loss:2.4257 train_time:364176ms step_avg:404.64ms
step:1000/20000 train_loss:2.4832 train_time:404693ms step_avg:404.69ms
step:1000/20000 val_loss:2.3755 val_bpb:1.4069 train_time:404694ms step_avg:404.69ms
step:1100/20000 train_loss:2.3919 train_time:445398ms step_avg:404.91ms
step:1200/20000 train_loss:2.2992 train_time:485924ms step_avg:404.94ms
step:1300/20000 train_loss:2.2769 train_time:526351ms step_avg:404.89ms
swa:start step:1350
step:1400/20000 train_loss:2.3661 train_time:573203ms step_avg:409.43ms
step:1451/20000 val_loss:2.2199 val_bpb:1.3148 train_time:605222ms step_avg:417.11ms
stopping_early: wallclock_cap train_time:605222ms step:1451/20000
peak memory allocated: 5114 MiB reserved: 5332 MiB
swa:applying averaged 3 checkpoints
Serialized model: 98437419 bytes
Code size: 52927 bytes
Total submission size: 98490346 bytes
Serialized model int6+zstd: 16155854 bytes
Total submission size int8+zlib: 16208781 bytes
final_eval_mode:standard
final_int8_zlib_roundtrip val_loss:2.2278 val_bpb:1.3194 eval_time:32070ms
final_int8_zlib_roundtrip_exact val_loss:2.22775929 val_bpb:1.31940453
