/zhaokunxiang/miniconda3/lib/python3.13/site-packages/torch/cuda/__init__.py:63: FutureWarning: The pynvml package is deprecated. Please install nvidia-ml-py instead. If you did not install pynvml directly, please report this to the maintainers of the package that installed pynvml for you.
  import pynvml  # type: ignore[import]
/zhaokunxiang/miniconda3/lib/python3.13/site-packages/torch/cuda/__init__.py:63: FutureWarning: The pynvml package is deprecated. Please install nvidia-ml-py instead. If you did not install pynvml directly, please report this to the maintainers of the package that installed pynvml for you.
  import pynvml  # type: ignore[import]
logs/stage1_exp_133242.txt
val_bpb:enabled tokenizer_kind=sentencepiece tokenizer_path=./data/tokenizers/fineweb_1024_bpe.model
train_loader:dataset:fineweb10B_sp1024 train_shards:80
val_loader:shards pattern=./data/datasets/fineweb10B_sp1024/fineweb_val_*.bin tokens:62021632
model_params:25517137
world_size:1 grad_accum_steps:8
attention_mode:gqa num_heads:8 num_kv_heads:4
tie_embeddings:True embed_lr:0.03 matrix_lr:0.02 scalar_lr:0.02
train_batch_tokens:196608 train_seq_len:2048 iterations:20000 warmup_steps:20 max_wallclock_seconds:600.000
seed:42
warmup_step:1/20
warmup_step:2/20
warmup_step:3/20
warmup_step:4/20
warmup_step:5/20
warmup_step:6/20
warmup_step:7/20
warmup_step:8/20
warmup_step:9/20
warmup_step:10/20
warmup_step:11/20
warmup_step:12/20
warmup_step:13/20
warmup_step:14/20
warmup_step:15/20
warmup_step:16/20
warmup_step:17/20
warmup_step:18/20
warmup_step:19/20
warmup_step:20/20
step:0/20000 val_loss:6.9323 val_bpb:4.1057 train_time:0ms step_avg:0.02ms
step:1/20000 train_loss:6.9344 train_time:454ms step_avg:454.44ms
step:2/20000 train_loss:8.3143 train_time:859ms step_avg:429.35ms
step:3/20000 train_loss:7.8349 train_time:1263ms step_avg:421.11ms
step:4/20000 train_loss:7.0987 train_time:1668ms step_avg:417.09ms
step:5/20000 train_loss:6.8080 train_time:2075ms step_avg:414.91ms
step:6/20000 train_loss:6.5719 train_time:2480ms step_avg:413.30ms
step:7/20000 train_loss:6.5500 train_time:2885ms step_avg:412.07ms
step:8/20000 train_loss:6.5303 train_time:3290ms step_avg:411.27ms
step:9/20000 train_loss:6.4985 train_time:3696ms step_avg:410.65ms
step:10/20000 train_loss:6.2866 train_time:4101ms step_avg:410.08ms
step:100/20000 train_loss:3.2908 train_time:40795ms step_avg:407.95ms
step:200/20000 train_loss:2.9969 train_time:81560ms step_avg:407.80ms
step:300/20000 train_loss:2.6543 train_time:122042ms step_avg:406.81ms
step:400/20000 train_loss:2.6198 train_time:162544ms step_avg:406.36ms
step:500/20000 train_loss:2.5540 train_time:203065ms step_avg:406.13ms
step:500/20000 val_loss:2.5429 val_bpb:1.5061 train_time:203066ms step_avg:406.13ms
step:600/20000 train_loss:2.4758 train_time:243784ms step_avg:406.31ms
step:700/20000 train_loss:2.4872 train_time:284297ms step_avg:406.14ms
step:800/20000 train_loss:2.4056 train_time:324820ms step_avg:406.02ms
step:900/20000 train_loss:2.4396 train_time:365360ms step_avg:405.96ms
step:1000/20000 train_loss:2.4954 train_time:405910ms step_avg:405.91ms
step:1000/20000 val_loss:2.3891 val_bpb:1.4150 train_time:405911ms step_avg:405.91ms
step:1100/20000 train_loss:2.4021 train_time:446795ms step_avg:406.18ms
step:1200/20000 train_loss:2.3171 train_time:487317ms step_avg:406.10ms
step:1300/20000 train_loss:2.2995 train_time:527847ms step_avg:406.04ms
swa:start step:1350
step:1400/20000 train_loss:2.3930 train_time:574531ms step_avg:410.38ms
step:1450/20000 val_loss:2.2544 val_bpb:1.3352 train_time:605760ms step_avg:417.77ms
stopping_early: wallclock_cap train_time:605760ms step:1450/20000
peak memory allocated: 5114 MiB reserved: 5384 MiB
swa:applying averaged 3 checkpoints
Serialized model: 98437419 bytes
Code size: 52927 bytes
Total submission size: 98490346 bytes
Serialized model int6+zstd: 15663707 bytes
Total submission size int8+zlib: 15716634 bytes
final_eval_mode:standard
final_int8_zlib_roundtrip val_loss:2.2630 val_bpb:1.3403 eval_time:32086ms
final_int8_zlib_roundtrip_exact val_loss:2.26300122 val_bpb:1.34027679
